../Core/Inc/Utils/Eigen/src/Core/Dot.h:108:108:typename Eigen::NumTraits<typename Eigen::internal::traits<T>::Scalar>::Real Eigen::MatrixBase<Derived>::norm() const [with Derived = Eigen::Matrix<double, 2, 1>]	0	static
../Core/Inc/Utils/Eigen/src/Core/Dot.h:96:108:typename Eigen::NumTraits<typename Eigen::internal::traits<T>::Scalar>::Real Eigen::MatrixBase<Derived>::squaredNorm() const [with Derived = Eigen::Matrix<double, 3, 1>]	0	static
../Core/Inc/Utils/Eigen/src/Core/DenseStorage.h:107:3:Eigen::internal::plain_array<T, Size, MatrixOrArrayOptions, 16>::plain_array() [with T = double; int Size = 4; int MatrixOrArrayOptions = 0]	8	static
../Core/Inc/Utils/Eigen/src/Geometry/Quaternion.h:489:67:static Eigen::Quaternion<Scalar> Eigen::internal::quat_product<Arch, Derived1, Derived2, Scalar>::run(const Eigen::QuaternionBase<Derived1>&, const Eigen::QuaternionBase<Derived2>&) [with int Arch = 0; Derived1 = Eigen::Quaternion<double>; Derived2 = Eigen::Quaternion<double>; Scalar = double]	40	static
../Core/Inc/Utils/Eigen/src/Core/AssignEvaluator.h:658:46:void Eigen::internal::generic_dense_assignment_kernel<DstEvaluatorTypeT, SrcEvaluatorTypeT, Functor, Version>::assignCoeff(Eigen::Index) [with DstEvaluatorTypeT = Eigen::internal::evaluator<Eigen::Matrix<double, 3, 1> >; SrcEvaluatorTypeT = Eigen::internal::evaluator<Eigen::CwiseBinaryOp<Eigen::internal::scalar_product_op<double, double>, const Eigen::Matrix<double, 3, 1>, const Eigen::CwiseNullaryOp<Eigen::internal::scalar_constant_op<double>, const Eigen::Matrix<double, 3, 1> > > >; Functor = Eigen::internal::assign_op<double, double>; int Version = 0]	8	static
../Core/Inc/Utils/Eigen/src/Core/AssignEvaluator.h:658:46:void Eigen::internal::generic_dense_assignment_kernel<DstEvaluatorTypeT, SrcEvaluatorTypeT, Functor, Version>::assignCoeff(Eigen::Index) [with DstEvaluatorTypeT = Eigen::internal::evaluator<Eigen::Matrix<double, 3, 1> >; SrcEvaluatorTypeT = Eigen::internal::evaluator<Eigen::CwiseBinaryOp<Eigen::internal::scalar_quotient_op<double, double>, const Eigen::Matrix<double, 3, 1>, const Eigen::CwiseNullaryOp<Eigen::internal::scalar_constant_op<double>, const Eigen::Matrix<double, 3, 1> > > >; Functor = Eigen::internal::assign_op<double, double>; int Version = 0]	8	static
../Core/Inc/Utils/Eigen/src/Core/Dot.h:124:1:const Eigen::MatrixBase<Derived>::PlainObject Eigen::MatrixBase<Derived>::normalized() const [with Derived = Eigen::Matrix<double, 3, 1>]	64	static
../Core/Inc/Utils/Eigen/src/Core/AssignEvaluator.h:658:46:void Eigen::internal::generic_dense_assignment_kernel<DstEvaluatorTypeT, SrcEvaluatorTypeT, Functor, Version>::assignCoeff(Eigen::Index) [with DstEvaluatorTypeT = Eigen::internal::evaluator<Eigen::Matrix<double, 3, 1> >; SrcEvaluatorTypeT = Eigen::internal::evaluator<Eigen::Matrix<double, 3, 1> >; Functor = Eigen::internal::assign_op<double, double>; int Version = 0]	12	static
../Core/Inc/Utils/Eigen/src/Core/AssignEvaluator.h:658:46:void Eigen::internal::generic_dense_assignment_kernel<DstEvaluatorTypeT, SrcEvaluatorTypeT, Functor, Version>::assignCoeff(Eigen::Index) [with DstEvaluatorTypeT = Eigen::internal::evaluator<Eigen::Matrix<double, 3, 1> >; SrcEvaluatorTypeT = Eigen::internal::evaluator<Eigen::Block<const Eigen::CwiseNullaryOp<Eigen::internal::scalar_identity_op<double>, Eigen::Matrix<double, 3, 3> >, 3, 1, false> >; Functor = Eigen::internal::assign_op<double, double>; int Version = 0]	0	static
../Core/Inc/Utils/Eigen/src/Geometry/AngleAxis.h:80:10:Eigen::AngleAxis<Scalar>::AngleAxis(const Scalar&, const Eigen::MatrixBase<OtherDerived>&) [with Derived = Eigen::Block<const Eigen::CwiseNullaryOp<Eigen::internal::scalar_identity_op<double>, Eigen::Matrix<double, 3, 3> >, 3, 1, false>; _Scalar = double]	56	static
../Core/Inc/Utils/Eigen/src/Core/AssignEvaluator.h:658:46:void Eigen::internal::generic_dense_assignment_kernel<DstEvaluatorTypeT, SrcEvaluatorTypeT, Functor, Version>::assignCoeff(Eigen::Index) [with DstEvaluatorTypeT = Eigen::internal::evaluator<Eigen::Matrix<double, 4, 1> >; SrcEvaluatorTypeT = Eigen::internal::evaluator<Eigen::CwiseNullaryOp<Eigen::internal::scalar_constant_op<double>, Eigen::Matrix<double, 4, 1> > >; Functor = Eigen::internal::div_assign_op<double, double>; int Version = 0]	0	static
../Core/Inc/Utils/Eigen/src/Core/Dot.h:145:44:void Eigen::MatrixBase<Derived>::normalize() [with Derived = Eigen::Matrix<double, 4, 1>]	48	static
../Core/Inc/Utils/Eigen/src/Core/AssignEvaluator.h:658:46:void Eigen::internal::generic_dense_assignment_kernel<DstEvaluatorTypeT, SrcEvaluatorTypeT, Functor, Version>::assignCoeff(Eigen::Index) [with DstEvaluatorTypeT = Eigen::internal::evaluator<Eigen::Matrix<double, 3, 1> >; SrcEvaluatorTypeT = Eigen::internal::evaluator<Eigen::CwiseUnaryOp<Eigen::internal::scalar_opposite_op<double>, const Eigen::Matrix<double, 3, 1> > >; Functor = Eigen::internal::assign_op<double, double>; int Version = 0]	0	static
../Core/Src/Utils/utilsAlgebra.cpp:17:17:Eigen::Vector3d Utils::quaternionToEulerRad(const Eigen::Quaterniond&)	136	static
../Core/Src/Utils/utilsAlgebra.cpp:29:17:Eigen::Vector3d Utils::quaternionToEulerDeg(const Eigen::Quaterniond&)	88	static
../Core/Inc/Utils/Eigen/src/Core/AssignEvaluator.h:658:46:void Eigen::internal::generic_dense_assignment_kernel<DstEvaluatorTypeT, SrcEvaluatorTypeT, Functor, Version>::assignCoeff(Eigen::Index) [with DstEvaluatorTypeT = Eigen::internal::evaluator<Eigen::Block<Eigen::Matrix<double, 4, 1>, 3, 1, false> >; SrcEvaluatorTypeT = Eigen::internal::evaluator<Eigen::CwiseBinaryOp<Eigen::internal::scalar_product_op<double, double>, const Eigen::CwiseNullaryOp<Eigen::internal::scalar_constant_op<double>, const Eigen::Matrix<double, 3, 1> >, const Eigen::Matrix<double, 3, 1> > >; Functor = Eigen::internal::assign_op<double, double>; int Version = 0]	8	static
../Core/Inc/Utils/Eigen/src/Geometry/Quaternion.h:306:37:Eigen::Quaternion<Scalar, Options>::Quaternion(const AngleAxisType&) [with _Scalar = double; int _Options = 0]	112	static
../Core/Src/Utils/utilsAlgebra.cpp:41:20:Eigen::Quaterniond Utils::gyroToQuaternion(const Eigen::Vector3d&, double)	160	static
../Core/Src/Utils/utilsAlgebra.cpp:89:20:Eigen::Quaterniond Utils::accMagToQuaternion(const Eigen::Vector3d&, const Eigen::Vector3d&)	400	static
