Archive member included to satisfy reference by file (symbol)

/Applications/STM32CubeIDE.app/Contents/Eclipse/plugins/com.st.stm32cube.ide.mcu.externaltools.gnu-tools-for-stm32.12.3.rel1.macos64_1.0.100.202403111906/tools/bin/../lib/gcc/arm-none-eabi/12.3.1/../../../../arm-none-eabi/lib/thumb/v7e-m+dp/hard/libstdc++_nano.a(guard.o)
                              ./Core/Src/logManager.o (__cxa_guard_acquire)
/Applications/STM32CubeIDE.app/Contents/Eclipse/plugins/com.st.stm32cube.ide.mcu.externaltools.gnu-tools-for-stm32.12.3.rel1.macos64_1.0.100.202403111906/tools/bin/../lib/gcc/arm-none-eabi/12.3.1/../../../../arm-none-eabi/lib/thumb/v7e-m+dp/hard/libm.a(libm_a-w_acos.o)
                              ./Core/Src/AHRS/complementaryFilter.o (acos)
/Applications/STM32CubeIDE.app/Contents/Eclipse/plugins/com.st.stm32cube.ide.mcu.externaltools.gnu-tools-for-stm32.12.3.rel1.macos64_1.0.100.202403111906/tools/bin/../lib/gcc/arm-none-eabi/12.3.1/../../../../arm-none-eabi/lib/thumb/v7e-m+dp/hard/libm.a(libm_a-w_atan2.o)
                              ./Core/Src/AHRS/madgwick.o (atan2)
/Applications/STM32CubeIDE.app/Contents/Eclipse/plugins/com.st.stm32cube.ide.mcu.externaltools.gnu-tools-for-stm32.12.3.rel1.macos64_1.0.100.202403111906/tools/bin/../lib/gcc/arm-none-eabi/12.3.1/../../../../arm-none-eabi/lib/thumb/v7e-m+dp/hard/libm.a(libm_a-e_acos.o)
                              /Applications/STM32CubeIDE.app/Contents/Eclipse/plugins/com.st.stm32cube.ide.mcu.externaltools.gnu-tools-for-stm32.12.3.rel1.macos64_1.0.100.202403111906/tools/bin/../lib/gcc/arm-none-eabi/12.3.1/../../../../arm-none-eabi/lib/thumb/v7e-m+dp/hard/libm.a(libm_a-w_acos.o) (__ieee754_acos)
/Applications/STM32CubeIDE.app/Contents/Eclipse/plugins/com.st.stm32cube.ide.mcu.externaltools.gnu-tools-for-stm32.12.3.rel1.macos64_1.0.100.202403111906/tools/bin/../lib/gcc/arm-none-eabi/12.3.1/../../../../arm-none-eabi/lib/thumb/v7e-m+dp/hard/libm.a(libm_a-e_atan2.o)
                              /Applications/STM32CubeIDE.app/Contents/Eclipse/plugins/com.st.stm32cube.ide.mcu.externaltools.gnu-tools-for-stm32.12.3.rel1.macos64_1.0.100.202403111906/tools/bin/../lib/gcc/arm-none-eabi/12.3.1/../../../../arm-none-eabi/lib/thumb/v7e-m+dp/hard/libm.a(libm_a-w_atan2.o) (__ieee754_atan2)
/Applications/STM32CubeIDE.app/Contents/Eclipse/plugins/com.st.stm32cube.ide.mcu.externaltools.gnu-tools-for-stm32.12.3.rel1.macos64_1.0.100.202403111906/tools/bin/../lib/gcc/arm-none-eabi/12.3.1/../../../../arm-none-eabi/lib/thumb/v7e-m+dp/hard/libm.a(libm_a-w_sqrt.o)
                              ./Core/Src/AHRS/complementaryFilter.o (sqrt)
/Applications/STM32CubeIDE.app/Contents/Eclipse/plugins/com.st.stm32cube.ide.mcu.externaltools.gnu-tools-for-stm32.12.3.rel1.macos64_1.0.100.202403111906/tools/bin/../lib/gcc/arm-none-eabi/12.3.1/../../../../arm-none-eabi/lib/thumb/v7e-m+dp/hard/libm.a(libm_a-s_atan.o)
                              /Applications/STM32CubeIDE.app/Contents/Eclipse/plugins/com.st.stm32cube.ide.mcu.externaltools.gnu-tools-for-stm32.12.3.rel1.macos64_1.0.100.202403111906/tools/bin/../lib/gcc/arm-none-eabi/12.3.1/../../../../arm-none-eabi/lib/thumb/v7e-m+dp/hard/libm.a(libm_a-e_atan2.o) (atan)
/Applications/STM32CubeIDE.app/Contents/Eclipse/plugins/com.st.stm32cube.ide.mcu.externaltools.gnu-tools-for-stm32.12.3.rel1.macos64_1.0.100.202403111906/tools/bin/../lib/gcc/arm-none-eabi/12.3.1/../../../../arm-none-eabi/lib/thumb/v7e-m+dp/hard/libm.a(libm_a-s_cos.o)
                              ./Core/Src/AHRS/madgwick.o (cos)
/Applications/STM32CubeIDE.app/Contents/Eclipse/plugins/com.st.stm32cube.ide.mcu.externaltools.gnu-tools-for-stm32.12.3.rel1.macos64_1.0.100.202403111906/tools/bin/../lib/gcc/arm-none-eabi/12.3.1/../../../../arm-none-eabi/lib/thumb/v7e-m+dp/hard/libm.a(libm_a-s_fabs.o)
                              /Applications/STM32CubeIDE.app/Contents/Eclipse/plugins/com.st.stm32cube.ide.mcu.externaltools.gnu-tools-for-stm32.12.3.rel1.macos64_1.0.100.202403111906/tools/bin/../lib/gcc/arm-none-eabi/12.3.1/../../../../arm-none-eabi/lib/thumb/v7e-m+dp/hard/libm.a(libm_a-w_acos.o) (fabs)
/Applications/STM32CubeIDE.app/Contents/Eclipse/plugins/com.st.stm32cube.ide.mcu.externaltools.gnu-tools-for-stm32.12.3.rel1.macos64_1.0.100.202403111906/tools/bin/../lib/gcc/arm-none-eabi/12.3.1/../../../../arm-none-eabi/lib/thumb/v7e-m+dp/hard/libm.a(libm_a-s_sin.o)
                              ./Core/Src/AHRS/complementaryFilter.o (sin)
/Applications/STM32CubeIDE.app/Contents/Eclipse/plugins/com.st.stm32cube.ide.mcu.externaltools.gnu-tools-for-stm32.12.3.rel1.macos64_1.0.100.202403111906/tools/bin/../lib/gcc/arm-none-eabi/12.3.1/../../../../arm-none-eabi/lib/thumb/v7e-m+dp/hard/libm.a(libm_a-e_sqrt.o)
[...]
Memory Configuration

Name             Origin             Length             Attributes
FLASH            0x08000000         0x00200000         xr
DTCMRAM          0x20000000         0x00020000         xrw
RAM_D1           0x24000000         0x00080000         xrw
RAM_D2           0x30000000         0x00048000         xrw
RAM_D3           0x38000000         0x00010000         xrw
ITCMRAM          0x00000000         0x00010000         xrw
*default*        0x00000000         0xffffffff

Linker script and memory map

LOAD /Applications/STM32CubeIDE.app/Contents/Eclipse/plugins/com.st.stm32cube.ide.mcu.externaltools.gnu-tools-for-stm32.12.3.rel1.macos64_1.0.100.202403111906/tools/bin/../lib/gcc/arm-none-eabi/12.3.1/thumb/v7e-m+dp/hard/crti.o
LOAD /Applications/STM32CubeIDE.app/Contents/Eclipse/plugins/com.st.stm32cube.ide.mcu.externaltools.gnu-tools-for-stm32.12.3.rel1.macos64_1.0.100.202403111906/tools/bin/../lib/gcc/arm-none-eabi/12.3.1/thumb/v7e-m+dp/hard/crtbegin.o
LOAD /Applications/STM32CubeIDE.app/Contents/Eclipse/plugins/com.st.stm32cube.ide.mcu.externaltools.gnu-tools-for-stm32.12.3.rel1.macos64_1.0.100.202403111906/tools/bin/../lib/gcc/arm-none-eabi/12.3.1/../../../../arm-none-eabi/lib/thumb/v7e-m+dp/hard/crt0.o
LOAD ./Core/Src/AHRS/complementaryFilter.o
LOAD ./Core/Src/AHRS/kalman.o
LOAD ./Core/Src/AHRS/madgwick.o
LOAD ./Core/Src/PID/pid.o
LOAD ./Core/Src/Sensors/ICM29048.o
LOAD ./Core/Src/Sensors/mpu9250.o
LOAD ./Core/Src/Utils/utilsAlgebra.o
LOAD ./Core/Src/Utils/utilsTimer.o
LOAD ./Core/Src/logManager.o
LOAD ./Core/Src/main.o
LOAD ./Core/Src/quadcopter.o
LOAD ./Core/Src/stm32h7xx_hal_msp.o
LOAD ./Core/Src/stm32h7xx_it.o
LOAD ./Core/Src/syscalls.o
LOAD ./Core/Src/sysmem.o
LOAD ./Core/Src/system_stm32h7xx.o
LOAD ./Core/Startup/startup_stm32h743vitx.o
LOAD ./Drivers/STM32H7xx_HAL_Driver/Src/stm32h7xx_hal.o
LOAD ./Drivers/STM32H7xx_HAL_Driver/Src/stm32h7xx_hal_cortex.o
LOAD ./Drivers/STM32H7xx_HAL_Driver/Src/stm32h7xx_hal_dma.o
LOAD ./Drivers/STM32H7xx_HAL_Driver/Src/stm32h7xx_hal_dma_ex.o
LOAD ./Drivers/STM32H7xx_HAL_Driver/Src/stm32h7xx_hal_exti.o
LOAD ./Drivers/STM32H7xx_HAL_Driver/Src/stm32h7xx_hal_flash.o
LOAD ./Drivers/STM32H7xx_HAL_Driver/Src/stm32h7xx_hal_flash_ex.o
LOAD ./Drivers/STM32H7xx_HAL_Driver/Src/stm32h7xx_hal_gpio.o
LOAD ./Drivers/STM32H7xx_HAL_Driver/Src/stm32h7xx_hal_hsem.o
LOAD ./Drivers/STM32H7xx_HAL_Driver/Src/stm32h7xx_hal_i2c.o
LOAD ./Drivers/STM32H7xx_HAL_Driver/Src/stm32h7xx_hal_i2c_ex.o
LOAD ./Drivers/STM32H7xx_HAL_Driver/Src/stm32h7xx_hal_mdma.o
LOAD ./Drivers/STM32H7xx_HAL_Driver/Src/stm32h7xx_hal_pwr.o
LOAD ./Drivers/STM32H7xx_HAL_Driver/Src/stm32h7xx_hal_pwr_ex.o
LOAD ./Drivers/STM32H7xx_HAL_Driver/Src/stm32h7xx_hal_rcc.o
LOAD ./Drivers/STM32H7xx_HAL_Driver/Src/stm32h7xx_hal_rcc_ex.o
LOAD ./Drivers/STM32H7xx_HAL_Driver/Src/stm32h7xx_hal_spi.o
LOAD ./Drivers/STM32H7xx_HAL_Driver/Src/stm32h7xx_hal_spi_ex.o
LOAD ./Drivers/STM32H7xx_HAL_Driver/Src/stm32h7xx_hal_tim.o
LOAD ./Drivers/STM32H7xx_HAL_Driver/Src/stm32h7xx_hal_tim_ex.o
LOAD ./Drivers/STM32H7xx_HAL_Driver/Src/stm32h7xx_hal_uart.o
LOAD ./Drivers/STM32H7xx_HAL_Driver/Src/stm32h7xx_hal_uart_ex.o
START GROUP
LOAD /Applications/STM32CubeIDE.app/Contents/Eclipse/plugins/com.st.stm32cube.ide.mcu.externaltools.gnu-tools-for-stm32.12.3.rel1.macos64_1.0.100.202403111906/tools/bin/../lib/gcc/arm-none-eabi/12.3.1/../../../../arm-none-eabi/lib/thumb/v7e-m+dp/hard/libstdc++_nano.a
LOAD /Applications/STM32CubeIDE.app/Contents/Eclipse/plugins/com.st.stm32cube.ide.mcu.externaltools.gnu-tools-for-stm32.12.3.rel1.macos64_1.0.100.202403111906/tools/bin/../lib/gcc/arm-none-eabi/12.3.1/../../../../arm-none-eabi/lib/thumb/v7e-m+dp/hard/libsupc++_nano.a
END GROUP
LOAD /Applications/STM32CubeIDE.app/Contents/Eclipse/plugins/com.st.stm32cube.ide.mcu.externaltools.gnu-tools-for-stm32.12.3.rel1.macos64_1.0.100.202403111906/tools/bin/../lib/gcc/arm-none-eabi/12.3.1/../../../../arm-none-eabi/lib/thumb/v7e-m+dp/hard/libstdc++_nano.a
LOAD /Applications/STM32CubeIDE.app/Contents/Eclipse/plugins/com.st.stm32cube.ide.mcu.externaltools.gnu-tools-for-stm32.12.3.rel1.macos64_1.0.100.202403111906/tools/bin/../lib/gcc/arm-none-eabi/12.3.1/../../../../arm-none-eabi/lib/thumb/v7e-m+dp/hard/libm.a
LOAD /Applications/STM32CubeIDE.app/Contents/Eclipse/plugins/com.st.stm32cube.ide.mcu.externaltools.gnu-tools-for-stm32.12.3.rel1.macos64_1.0.100.202403111906/tools/bin/../lib/gcc/arm-none-eabi/12.3.1/../../../../arm-none-eabi/lib/thumb/v7e-m+dp/hard/libc_nano.a
START GROUP
LOAD /Applications/STM32CubeIDE.app/Contents/Eclipse/plugins/com.st.stm32cube.ide.mcu.externaltools.gnu-tools-for-stm32.12.3.rel1.macos64_1.0.100.202403111906/tools/bin/../lib/gcc/arm-none-eabi/12.3.1/thumb/v7e-m+dp/hard/libgcc.a
LOAD /Applications/STM32CubeIDE.app/Contents/Eclipse/plugins/com.st.stm32cube.ide.mcu.externaltools.gnu-tools-for-stm32.12.3.rel1.macos64_1.0.100.202403111906/tools/bin/../lib/gcc/arm-none-eabi/12.3.1/../../../../arm-none-eabi/lib/thumb/v7e-m+dp/hard/libc_nano.a
END GROUP
START GROUP
LOAD /Applications/STM32CubeIDE.app/Contents/Eclipse/plugins/com.st.stm32cube.ide.mcu.externaltools.gnu-tools-for-stm32.12.3.rel1.macos64_1.0.100.202403111906/tools/bin/../lib/gcc/arm-none-eabi/12.3.1/thumb/v7e-m+dp/hard/libgcc.a
LOAD /Applications/STM32CubeIDE.app/Contents/Eclipse/plugins/com.st.stm32cube.ide.mcu.externaltools.gnu-tools-for-stm32.12.3.rel1.macos64_1.0.100.202403111906/tools/bin/../lib/gcc/arm-none-eabi/12.3.1/../../../../arm-none-eabi/lib/thumb/v7e-m+dp/hard/libc_nano.a
LOAD /Applications/STM32CubeIDE.app/Contents/Eclipse/plugins/com.st.stm32cube.ide.mcu.externaltools.gnu-tools-for-stm32.12.3.rel1.macos64_1.0.100.202403111906/tools/bin/../lib/gcc/arm-none-eabi/12.3.1/../../../../arm-none-eabi/lib/thumb/v7e-m+dp/hard/libnosys.a
END GROUP
START GROUP
LOAD /Applications/STM32CubeIDE.app/Contents/Eclipse/plugins/com.st.stm32cube.ide.mcu.externaltools.gnu-tools-for-stm32.12.3.rel1.macos64_1.0.100.202403111906/tools/bin/../lib/gcc/arm-none-eabi/12.3.1/thumb/v7e-m+dp/hard/libgcc.a
LOAD /Applications/STM32CubeIDE.app/Contents/Eclipse/plugins/com.st.stm32cube.ide.mcu.externaltools.gnu-tools-for-stm32.12.3.rel1.macos64_1.0.100.202403111906/tools/bin/../lib/gcc/arm-none-eabi/12.3.1/../../../../arm-none-eabi/lib/thumb/v7e-m+dp/hard/libc_nano.a
LOAD /Applications/STM32CubeIDE.app/Contents/Eclipse/plugins/com.st.stm32cube.ide.mcu.externaltools.gnu-tools-for-stm32.12.3.rel1.macos64_1.0.100.202403111906/tools/bin/../lib/gcc/arm-none-eabi/12.3.1/../../../../arm-none-eabi/lib/thumb/v7e-m+dp/hard/libnosys.a
END GROUP
LOAD /Applications/STM32CubeIDE.app/Contents/Eclipse/plugins/com.st.stm32cube.ide.mcu.externaltools.gnu-tools-for-stm32.12.3.rel1.macos64_1.0.100.202403111906/tools/bin/../lib/gcc/arm-none-eabi/12.3.1/thumb/v7e-m+dp/hard/crtend.o
LOAD /Applications/STM32CubeIDE.app/Contents/Eclipse/plugins/com.st.stm32cube.ide.mcu.externaltools.gnu-tools-for-stm32.12.3.rel1.macos64_1.0.100.202403111906/tools/bin/../lib/gcc/arm-none-eabi/12.3.1/thumb/v7e-m+dp/hard/crtn.o
                0x24080000                        _estack = (ORIGIN (RAM_D1) + LENGTH (RAM_D1))
                0x00000200                        _Min_Heap_Size = 0x200
                0x00000400                        _Min_Stack_Size = 0x400

.isr_vector     0x08000000      0x298
                0x08000000                        . = ALIGN (0x4)
 *(.isr_vector)
 .isr_vector    0x08000000      0x298 ./Core/Startup/startup_stm32h743vitx.o
                0x08000000                g_pfnVectors
                0x08000298                        . = ALIGN (0x4)

.text           0x080002a0     0xae04
                0x080002a0                        . = ALIGN (0x4)
 *(.text)
 .text          0x080002a0       0x40 /Applications/STM32CubeIDE.app/Contents/Eclipse/plugins/com.st.stm32cube.ide.mcu.externaltools.gnu-tools-for-stm32.12.3.rel1.macos64_1.0.100.202403111906/tools/bin/../lib/gcc/arm-none-eabi/12.3.1/thumb/v7e-m+dp/hard/crtbegin.o
 .text          0x080002e0       0xa0 /Applications/STM32CubeIDE.app/Contents/Eclipse/plugins/com.st.stm32cube.ide.mcu.externaltools.gnu-tools-for-stm32.12.3.rel1.macos64_1.0.100.202403111906/tools/bin/../lib/gcc/arm-none-eabi/12.3.1/../../../../arm-none-eabi/lib/thumb/v7e-m+dp/hard/libc_nano.a(libc_a-memchr.o)
                0x080002e0                memchr
 .text          0x08000380       0x30 /Applications/STM32CubeIDE.app/Contents/Eclipse/plugins/com.st.stm32cube.ide.mcu.externaltools.gnu-tools-for-stm32.12.3.rel1.macos64_1.0.100.202403111906/tools/bin/../lib/gcc/arm-none-eabi/12.3.1/thumb/v7e-m+dp/hard/libgcc.a(_aeabi_uldivmod.o)
                0x08000380                __aeabi_uldivmod
 .text          0x080003b0      0x2bc /Applications/STM32CubeIDE.app/Contents/Eclipse/plugins/com.st.stm32cube.ide.mcu.externaltools.gnu-tools-for-stm32.12.3.rel1.macos64_1.0.100.202403111906/tools/bin/../lib/gcc/arm-none-eabi/12.3.1/thumb/v7e-m+dp/hard/libgcc.a(_udivmoddi4.o)
                0x080003b0                __udivmoddi4
 .text          0x0800066c        0x4 /Applications/STM32CubeIDE.app/Contents/Eclipse/plugins/com.st.stm32cube.ide.mcu.externaltools.gnu-tools-for-stm32.12.3.rel1.macos64_1.0.100.202403111906/tools/bin/../lib/gcc/arm-none-eabi/12.3.1/thumb/v7e-m+dp/hard/libgcc.a(_dvmd_tls.o)
                0x0800066c                __aeabi_ldiv0
                0x0800066c                __aeabi_idiv0
 *(.text*)
 .text._ZN5Eigen8internal11plain_arrayIdLi4ELi0ELi16EEC2Ev
                0x08000670       0x20 ./Core/Src/AHRS/complementaryFilter.o
                0x08000670                Eigen::internal::plain_array<double, 4, 0, 16>::plain_array()
                0x08000670                Eigen::internal::plain_array<double, 4, 0, 16>::plain_array()
 .text._ZN5Eigen8internal31generic_dense_assignment_kernelINS0_9evaluatorINS_6MatrixIdLi3ELi1ELi0ELi3ELi1EEEEENS2_INS_13CwiseBinaryOpINS0_17scalar_product_opIddEEKS4_KNS_14CwiseNullaryOpINS0_18scalar_constant_opIdEES9_EEEEEENS0_9assign_opIddEELi0EE11assignCoeffEi
                0x08000690       0x24 ./Core/Src/AHRS/complementaryFilter.o
                0x08000690                Eigen::internal::generic_dense_assignment_kernel<Eigen::internal::evaluator<Eigen::Matrix<double, 3, 1, 0, 3, 1> >, Eigen::internal::evaluator<Eigen::CwiseBinaryOp<Eigen::internal::scalar_product_op<double, double>, Eigen::Matrix<double, 3, 1, 0, 3, 1> const, Eigen::CwiseNullaryOp<Eigen::internal::scalar_constant_op<double>, Eigen::Matrix<double, 3, 1, 0, 3, 1> const> const> >, Eigen::internal::assign_op<double, double>, 0>::assignCoeff(int)
 .text._ZN5Eigen8internal31generic_dense_assignment_kernelINS0_9evaluatorINS_6MatrixIdLi4ELi1ELi0ELi4ELi1EEEEENS2_INS_14CwiseNullaryOpINS0_18scalar_constant_opIdEES4_EEEENS0_13div_assign_opIddEELi0EE11assignCoeffEi
                0x080006b4       0x1c ./Core/Src/AHRS/complementaryFilter.o
                0x080006b4                Eigen::internal::generic_dense_assignment_kernel<Eigen::internal::evaluator<Eigen::Matrix<double, 4, 1, 0, 4, 1> >, Eigen::internal::evaluator<Eigen::CwiseNullaryOp<Eigen::internal::scalar_constant_op<double>, Eigen::Matrix<double, 4, 1, 0, 4, 1> > >, Eigen::internal::div_assign_op<double, double>, 0>::assignCoeff(int)
 .text._ZN5Eigen10MatrixBaseINS_6MatrixIdLi4ELi1ELi0ELi4ELi1EEEE9normalizeEv
                0x080006d0       0x70 ./Core/Src/AHRS/complementaryFilter.o
                0x080006d0                Eigen::MatrixBase<Eigen::Matrix<double, 4, 1, 0, 4, 1> >::normalize()
 .text._ZN5Eigen8internal31generic_dense_assignment_kernelINS0_9evaluatorINS_6MatrixIdLi4ELi1ELi0ELi4ELi1EEEEENS2_INS_13CwiseBinaryOpINS0_13scalar_sum_opIddEEKNS6_INS0_17scalar_product_opIddEEKNS_14CwiseNullaryOpINS0_18scalar_constant_opIdEEKS4_EESE_EESI_EEEENS0_9assign_opIddEELi0EE11assignCoeffEi
                0x08000740       0x36 ./Core/Src/AHRS/complementaryFilter.o
                0x08000740                Eigen::internal::generic_dense_assignment_kernel<Eigen::internal::evaluator<Eigen::Matrix<double, 4, 1, 0, 4, 1> >, Eigen::internal::evaluator<Eigen::CwiseBinaryOp<Eigen::internal::scalar_sum_op<double, double>, Eigen::CwiseBinaryOp<Eigen::internal::scalar_product_op<double, double>, Eigen::CwiseNullaryOp<Eigen::internal::scalar_constant_op<double>, Eigen::Matrix<double, 4, 1, 0, 4, 1> const> const, Eigen::Matrix<double, 4, 1, 0, 4, 1> const> const, Eigen::CwiseBinaryOp<Eigen::internal::scalar_product_op<double, double>, Eigen::CwiseNullaryOp<Eigen::internal::scalar_constant_op<double>, Eigen::Matrix<double, 4, 1, 0, 4, 1> const> const, Eigen::Matrix<double, 4, 1, 0, 4, 1> const> const> >, Eigen::internal::assign_op<double, double>, 0>::assignCoeff(int)
 *fill*         0x08000776        0x2 
 .text._ZNK5Eigen14QuaternionBaseINS_10QuaternionIdLi0EEEE5slerpIS2_EES2_RKdRKNS0_IT_EE
                0x08000778       0xf8 ./Core/Src/AHRS/complementaryFilter.o
                0x08000778                Eigen::Quaternion<double, 0> Eigen::QuaternionBase<Eigen::Quaternion<double, 0> >::slerp<Eigen::Quaternion<double, 0> >(double const&, Eigen::QuaternionBase<Eigen::Quaternion<double, 0> > const&) const
 .text._ZN19ComplementaryFilter7computeERKN5Eigen6MatrixIdLi3ELi1ELi0ELi3ELi1EEES4_S4_RKd
                0x08000870      0x130 ./Core/Src/AHRS/complementaryFilter.o
                0x08000870                ComplementaryFilter::compute(Eigen::Matrix<double, 3, 1, 0, 3, 1> const&, Eigen::Matrix<double, 3, 1, 0, 3, 1> const&, Eigen::Matrix<double, 3, 1, 0, 3, 1> const&, double const&)
 .text._ZN5Eigen6MatrixIdLi4ELi1ELi0ELi4ELi1EEC2ERKdS3_S3_S3_
                0x080009a0       0x44 ./Core/Src/AHRS/madgwick.o
                0x080009a0                Eigen::Matrix<double, 4, 1, 0, 4, 1>::Matrix(double const&, double const&, double const&, double const&)
                0x080009a0                Eigen::Matrix<double, 4, 1, 0, 4, 1>::Matrix(double const&, double const&, double const&, double const&)
 *fill*         0x080009e4        0x4 
 .text._ZN14MadgwickFilter7computeERKN5Eigen6MatrixIdLi3ELi1ELi0ELi3ELi1EEES4_S4_RKd
                0x080009e8      0x2e0 ./Core/Src/AHRS/madgwick.o
                0x080009e8                MadgwickFilter::compute(Eigen::Matrix<double, 3, 1, 0, 3, 1> const&, Eigen::Matrix<double, 3, 1, 0, 3, 1> const&, Eigen::Matrix<double, 3, 1, 0, 3, 1> const&, double const&)
 .text._ZN5Eigen8internal31generic_dense_assignment_kernelINS0_9evaluatorINS_6MatrixIdLi3ELi1ELi0ELi3ELi1EEEEENS2_INS_14CwiseNullaryOpINS0_18scalar_constant_opIdEES4_EEEENS0_13mul_assign_opIddEELi0EE11assignCoeffEi
                0x08000cc8       0x1c ./Core/Src/Sensors/ICM29048.o
                0x08000cc8                Eigen::internal::generic_dense_assignment_kernel<Eigen::internal::evaluator<Eigen::Matrix<double, 3, 1, 0, 3, 1> >, Eigen::internal::evaluator<Eigen::CwiseNullaryOp<Eigen::internal::scalar_constant_op<double>, Eigen::Matrix<double, 3, 1, 0, 3, 1> > >, Eigen::internal::mul_assign_op<double, double>, 0>::assignCoeff(int)
 .text._ZN5Eigen8internal31generic_dense_assignment_kernelINS0_9evaluatorINS_6MatrixIdLi3ELi1ELi0ELi3ELi1EEEEES5_NS0_13add_assign_opIddEELi0EE11assignCoeffEi
                0x08000ce4       0x22 ./Core/Src/Sensors/ICM29048.o
                0x08000ce4                Eigen::internal::generic_dense_assignment_kernel<Eigen::internal::evaluator<Eigen::Matrix<double, 3, 1, 0, 3, 1> >, Eigen::internal::evaluator<Eigen::Matrix<double, 3, 1, 0, 3, 1> >, Eigen::internal::add_assign_op<double, double>, 0>::assignCoeff(int)
 .text._ZN5Eigen8internal26call_dense_assignment_loopINS_6MatrixIdLi3ELi1ELi0ELi3ELi1EEES3_NS0_13add_assign_opIddEEEEvRT_RKT0_RKT1_
                0x08000d06       0x30 ./Core/Src/Sensors/ICM29048.o
                0x08000d06                void Eigen::internal::call_dense_assignment_loop<Eigen::Matrix<double, 3, 1, 0, 3, 1>, Eigen::Matrix<double, 3, 1, 0, 3, 1>, Eigen::internal::add_assign_op<double, double> >(Eigen::Matrix<double, 3, 1, 0, 3, 1>&, Eigen::Matrix<double, 3, 1, 0, 3, 1> const&, Eigen::internal::add_assign_op<double, double> const&)
 .text._ZN5Eigen8internal31generic_dense_assignment_kernelINS0_9evaluatorINS_6MatrixIdLi3ELi1ELi0ELi3ELi1EEEEENS2_INS_14CwiseNullaryOpINS0_18scalar_constant_opIdEES4_EEEENS0_13div_assign_opIddEELi0EE11assignCoeffEi
                0x08000d36       0x1c ./Core/Src/Sensors/ICM29048.o
                0x08000d36                Eigen::internal::generic_dense_assignment_kernel<Eigen::internal::evaluator<Eigen::Matrix<double, 3, 1, 0, 3, 1> >, Eigen::internal::evaluator<Eigen::CwiseNullaryOp<Eigen::internal::scalar_constant_op<double>, Eigen::Matrix<double, 3, 1, 0, 3, 1> > >, Eigen::internal::div_assign_op<double, double>, 0>::assignCoeff(int)
 .text._ZN5Eigen8internal31generic_dense_assignment_kernelINS0_9evaluatorINS_6MatrixIdLi3ELi1ELi0ELi3ELi1EEEEES5_NS0_13sub_assign_opIddEELi0EE11assignCoeffEi
                0x08000d52       0x22 ./Core/Src/Sensors/ICM29048.o
                0x08000d52                Eigen::internal::generic_dense_assignment_kernel<Eigen::internal::evaluator<Eigen::Matrix<double, 3, 1, 0, 3, 1> >, Eigen::internal::evaluator<Eigen::Matrix<double, 3, 1, 0, 3, 1> >, Eigen::internal::sub_assign_op<double, double>, 0>::assignCoeff(int)
 .text._ZN5Eigen8internal31generic_dense_assignment_kernelINS0_9evaluatorINS_6MatrixIdLi3ELi1ELi0ELi3ELi1EEEEENS2_INS_13CwiseBinaryOpINS0_18scalar_quotient_opIddEEKS4_KNS_14CwiseNullaryOpINS0_18scalar_constant_opIdEES9_EEEEEENS0_9assign_opIddEELi0EE11assignCoeffEi
                0x08000d74       0x24 ./Core/Src/Sensors/ICM29048.o
                0x08000d74                Eigen::internal::generic_dense_assignment_kernel<Eigen::internal::evaluator<Eigen::Matrix<double, 3, 1, 0, 3, 1> >, Eigen::internal::evaluator<Eigen::CwiseBinaryOp<Eigen::internal::scalar_quotient_op<double, double>, Eigen::Matrix<double, 3, 1, 0, 3, 1> const, Eigen::CwiseNullaryOp<Eigen::internal::scalar_constant_op<double>, Eigen::Matrix<double, 3, 1, 0, 3, 1> const> const> >, Eigen::internal::assign_op<double, double>, 0>::assignCoeff(int)
 .text._ZNK5Eigen10MatrixBaseINS_6MatrixIdLi3ELi1ELi0ELi3ELi1EEEE10normalizedEv
                0x08000d98       0x72 ./Core/Src/Sensors/ICM29048.o
                0x08000d98                Eigen::MatrixBase<Eigen::Matrix<double, 3, 1, 0, 3, 1> >::normalized() const
 .text._ZN5Eigen8internal31generic_dense_assignment_kernelINS0_9evaluatorINS_6MatrixIdLi3ELi1ELi0ELi3ELi1EEEEENS2_INS_13CwiseBinaryOpINS0_13scalar_sum_opIddEEKNS6_INS0_17scalar_product_opIddEEKS4_KNS_14CwiseNullaryOpINS0_18scalar_constant_opIdEESB_EEEESI_EEEENS0_9assign_opIddEELi0EE11assignCoeffEi
                0x08000e0a       0x36 ./Core/Src/Sensors/ICM29048.o
                0x08000e0a                Eigen::internal::generic_dense_assignment_kernel<Eigen::internal::evaluator<Eigen::Matrix<double, 3, 1, 0, 3, 1> >, Eigen::internal::evaluator<Eigen::CwiseBinaryOp<Eigen::internal::scalar_sum_op<double, double>, Eigen::CwiseBinaryOp<Eigen::internal::scalar_product_op<double, double>, Eigen::Matrix<double, 3, 1, 0, 3, 1> const, Eigen::CwiseNullaryOp<Eigen::internal::scalar_constant_op<double>, Eigen::Matrix<double, 3, 1, 0, 3, 1> const> const> const, Eigen::CwiseBinaryOp<Eigen::internal::scalar_product_op<double, double>, Eigen::Matrix<double, 3, 1, 0, 3, 1> const, Eigen::CwiseNullaryOp<Eigen::internal::scalar_constant_op<double>, Eigen::Matrix<double, 3, 1, 0, 3, 1> const> const> const> >, Eigen::internal::assign_op<double, double>, 0>::assignCoeff(int)
 .text._ZN5Eigen8internal26call_dense_assignment_loopINS_6MatrixIdLi3ELi1ELi0ELi3ELi1EEENS_13CwiseBinaryOpINS0_13scalar_sum_opIddEEKNS4_INS0_17scalar_product_opIddEEKS3_KNS_14CwiseNullaryOpINS0_18scalar_constant_opIdEES9_EEEESG_EENS0_9assign_opIddEEEEvRT_RKT0_RKT1_
                0x08000e40       0x46 ./Core/Src/Sensors/ICM29048.o
                0x08000e40                void Eigen::internal::call_dense_assignment_loop<Eigen::Matrix<double, 3, 1, 0, 3, 1>, Eigen::CwiseBinaryOp<Eigen::internal::scalar_sum_op<double, double>, Eigen::CwiseBinaryOp<Eigen::internal::scalar_product_op<double, double>, Eigen::Matrix<double, 3, 1, 0, 3, 1> const, Eigen::CwiseNullaryOp<Eigen::internal::scalar_constant_op<double>, Eigen::Matrix<double, 3, 1, 0, 3, 1> const> const> const, Eigen::CwiseBinaryOp<Eigen::internal::scalar_product_op<double, double>, Eigen::Matrix<double, 3, 1, 0, 3, 1> const, Eigen::CwiseNullaryOp<Eigen::internal::scalar_constant_op<double>, Eigen::Matrix<double, 3, 1, 0, 3, 1> const> const> const>, Eigen::internal::assign_op<double, double> >(Eigen::Matrix<double, 3, 1, 0, 3, 1>&, Eigen::CwiseBinaryOp<Eigen::internal::scalar_sum_op<double, double>, Eigen::CwiseBinaryOp<Eigen::internal::scalar_product_op<double, double>, Eigen::Matrix<double, 3, 1, 0, 3, 1> const, Eigen::CwiseNullaryOp<Eigen::internal::scalar_constant_op<double>, Eigen::Matrix<double, 3, 1, 0, 3, 1> const> const> const, Eigen::CwiseBinaryOp<Eigen::internal::scalar_product_op<double, double>, Eigen::Matrix<double, 3, 1, 0, 3, 1> const, Eigen::CwiseNullaryOp<Eigen::internal::scalar_constant_op<double>, Eigen::Matrix<double, 3, 1, 0, 3, 1> const> const> const> const&, Eigen::internal::assign_op<double, double> const&)
 .text._ZN5Eigen8internal31generic_dense_assignment_kernelINS0_9evaluatorINS_6MatrixIdLi3ELi1ELi0ELi3ELi1EEEEES5_NS0_9assign_opIddEELi0EE11assignCoeffEi
                0x08000e86       0x1c ./Core/Src/Sensors/ICM29048.o
                0x08000e86                Eigen::internal::generic_dense_assignment_kernel<Eigen::internal::evaluator<Eigen::Matrix<double, 3, 1, 0, 3, 1> >, Eigen::internal::evaluator<Eigen::Matrix<double, 3, 1, 0, 3, 1> >, Eigen::internal::assign_op<double, double>, 0>::assignCoeff(int)
 .text._ZN5Eigen8internal15call_assignmentINS_6MatrixIdLi3ELi1ELi0ELi3ELi1EEES3_EEvRT_RKT0_
                0x08000ea2       0x34 ./Core/Src/Sensors/ICM29048.o
                0x08000ea2                void Eigen::internal::call_assignment<Eigen::Matrix<double, 3, 1, 0, 3, 1>, Eigen::Matrix<double, 3, 1, 0, 3, 1> >(Eigen::Matrix<double, 3, 1, 0, 3, 1>&, Eigen::Matrix<double, 3, 1, 0, 3, 1> const&)
 *fill*         0x08000ed6        0x2 
 .text._ZN7MPU9250C2E19__SPI_HandleTypeDeftP12GPIO_TypeDef
                0x08000ed8      0x12c ./Core/Src/Sensors/mpu9250.o
                0x08000ed8                MPU9250::MPU9250(__SPI_HandleTypeDef, unsigned short, GPIO_TypeDef*)
                0x08000ed8                MPU9250::MPU9250(__SPI_HandleTypeDef, unsigned short, GPIO_TypeDef*)
 .text._ZN7MPU925016handle_spi_errorE17HAL_StatusTypeDef
                0x08001004       0x18 ./Core/Src/Sensors/mpu9250.o
                0x08001004                MPU9250::handle_spi_error(HAL_StatusTypeDef)
 .text._ZN7MPU925013read_registerEhPhh
                0x0800101c       0x5e ./Core/Src/Sensors/mpu9250.o
                0x0800101c                MPU9250::read_register(unsigned char, unsigned char*, unsigned char)
 .text._ZN7MPU925014write_registerEhh
                0x0800107a       0x5c ./Core/Src/Sensors/mpu9250.o
                0x0800107a                MPU9250::write_register(unsigned char, unsigned char)
 *fill*         0x080010d6        0x2 
 .text._ZN7MPU925022configureAccelerometerERK8AccScale
                0x080010d8       0x7c ./Core/Src/Sensors/mpu9250.o
                0x080010d8                MPU9250::configureAccelerometer(AccScale const&)
 *fill*         0x08001154        0x4 
 .text._ZN7MPU925018configureGyroscopeERK9GyroScale
                0x08001158       0x98 ./Core/Src/Sensors/mpu9250.o
                0x08001158                MPU9250::configureGyroscope(GyroScale const&)
 .text._ZN7MPU925018read_gyro_acc_dataEv
                0x080011f0      0x104 ./Core/Src/Sensors/mpu9250.o
                0x080011f0                MPU9250::read_gyro_acc_data()
 .text._ZN5Eigen9DenseBaseINS_6MatrixIdLi3ELi1ELi0ELi3ELi1EEEEdVERKd.isra.0
                0x080012f4       0x3a ./Core/Src/Sensors/mpu9250.o
 .text._ZN5Eigen10MatrixBaseINS_6MatrixIdLi3ELi1ELi0ELi3ELi1EEEEmIIS2_EERS2_RKNS0_IT_EE.isra.0
                0x0800132e       0x34 ./Core/Src/Sensors/mpu9250.o
 *fill*         0x08001362        0x2 
 .text._ZN7MPU92509calibrateEv
                0x08001364       0xa0 ./Core/Src/Sensors/mpu9250.o
                0x08001364                MPU9250::calibrate()
 .text._ZN7MPU92504initERK8AccScaleRK9GyroScale
                0x08001404       0x1c ./Core/Src/Sensors/mpu9250.o
                0x08001404                MPU9250::init(AccScale const&, GyroScale const&)
 .text._ZN7MPU925025filter_and_calibrate_dataEv
                0x08001420       0x90 ./Core/Src/Sensors/mpu9250.o
                0x08001420                MPU9250::filter_and_calibrate_data()
 .text._ZNK5Eigen10MatrixBaseINS_6MatrixIdLi3ELi1ELi0ELi3ELi1EEEE11squaredNormEv
                0x080014b0       0x1a ./Core/Src/Utils/utilsAlgebra.o
                0x080014b0                Eigen::MatrixBase<Eigen::Matrix<double, 3, 1, 0, 3, 1> >::squaredNorm() const
 .text._ZN5Eigen8internal12quat_productILi0ENS_10QuaternionIdLi0EEES3_dE3runERKNS_14QuaternionBaseIS3_EES8_
                0x080014ca       0x84 ./Core/Src/Utils/utilsAlgebra.o
                0x080014ca                Eigen::internal::quat_product<0, Eigen::Quaternion<double, 0>, Eigen::Quaternion<double, 0>, double>::run(Eigen::QuaternionBase<Eigen::Quaternion<double, 0> > const&, Eigen::QuaternionBase<Eigen::Quaternion<double, 0> > const&)
 *fill*         0x0800154e        0x2 
 .text._ZN5Eigen8internal31generic_dense_assignment_kernelINS0_9evaluatorINS_6MatrixIdLi3ELi1ELi0ELi3ELi1EEEEENS2_INS_5BlockIKNS_14CwiseNullaryOpINS0_18scalar_identity_opIdEENS3_IdLi3ELi3ELi0ELi3ELi3EEEEELi3ELi1ELb0EEEEENS0_9assign_opIddEELi0EE11assignCoeffEi
                0x08001550       0x30 ./Core/Src/Utils/utilsAlgebra.o
                0x08001550                Eigen::internal::generic_dense_assignment_kernel<Eigen::internal::evaluator<Eigen::Matrix<double, 3, 1, 0, 3, 1> >, Eigen::internal::evaluator<Eigen::Block<Eigen::CwiseNullaryOp<Eigen::internal::scalar_identity_op<double>, Eigen::Matrix<double, 3, 3, 0, 3, 3> > const, 3, 1, false> >, Eigen::internal::assign_op<double, double>, 0>::assignCoeff(int)
 .text._ZN5Eigen9AngleAxisIdEC2INS_5BlockIKNS_14CwiseNullaryOpINS_8internal18scalar_identity_opIdEENS_6MatrixIdLi3ELi3ELi0ELi3ELi3EEEEELi3ELi1ELb0EEEEERKdRKNS_10MatrixBaseIT_EE
                0x08001580       0x46 ./Core/Src/Utils/utilsAlgebra.o
                0x08001580                Eigen::AngleAxis<double>::AngleAxis<Eigen::Block<Eigen::CwiseNullaryOp<Eigen::internal::scalar_identity_op<double>, Eigen::Matrix<double, 3, 3, 0, 3, 3> > const, 3, 1, false> >(double const&, Eigen::MatrixBase<Eigen::Block<Eigen::CwiseNullaryOp<Eigen::internal::scalar_identity_op<double>, Eigen::Matrix<double, 3, 3, 0, 3, 3> > const, 3, 1, false> > const&)
                0x08001580                Eigen::AngleAxis<double>::AngleAxis<Eigen::Block<Eigen::CwiseNullaryOp<Eigen::internal::scalar_identity_op<double>, Eigen::Matrix<double, 3, 3, 0, 3, 3> > const, 3, 1, false> >(double const&, Eigen::MatrixBase<Eigen::Block<Eigen::CwiseNullaryOp<Eigen::internal::scalar_identity_op<double>, Eigen::Matrix<double, 3, 3, 0, 3, 3> > const, 3, 1, false> > const&)
 .text._ZN5Eigen8internal31generic_dense_assignment_kernelINS0_9evaluatorINS_5BlockINS_6MatrixIdLi4ELi1ELi0ELi4ELi1EEELi3ELi1ELb0EEEEENS2_INS_13CwiseBinaryOpINS0_17scalar_product_opIddEEKNS_14CwiseNullaryOpINS0_18scalar_constant_opIdEEKNS4_IdLi3ELi1ELi0ELi3ELi1EEEEESF_EEEENS0_9assign_opIddEELi0EE11assignCoeffEi
                0x080015c6       0x24 ./Core/Src/Utils/utilsAlgebra.o
                0x080015c6                Eigen::internal::generic_dense_assignment_kernel<Eigen::internal::evaluator<Eigen::Block<Eigen::Matrix<double, 4, 1, 0, 4, 1>, 3, 1, false> >, Eigen::internal::evaluator<Eigen::CwiseBinaryOp<Eigen::internal::scalar_product_op<double, double>, Eigen::CwiseNullaryOp<Eigen::internal::scalar_constant_op<double>, Eigen::Matrix<double, 3, 1, 0, 3, 1> const> const, Eigen::Matrix<double, 3, 1, 0, 3, 1> const> >, Eigen::internal::assign_op<double, double>, 0>::assignCoeff(int)
 .text._ZN5Eigen10QuaternionIdLi0EEC2ERKNS_9AngleAxisIdEE
                0x080015ea       0x76 ./Core/Src/Utils/utilsAlgebra.o
                0x080015ea                Eigen::Quaternion<double, 0>::Quaternion(Eigen::AngleAxis<double> const&)
                0x080015ea                Eigen::Quaternion<double, 0>::Quaternion(Eigen::AngleAxis<double> const&)
 .text._ZN5Utils16gyroToQuaternionERKN5Eigen6MatrixIdLi3ELi1ELi0ELi3ELi1EEEd
                0x08001660       0xbc ./Core/Src/Utils/utilsAlgebra.o
                0x08001660                Utils::gyroToQuaternion(Eigen::Matrix<double, 3, 1, 0, 3, 1> const&, double)
 .text._ZN5Utils18accMagToQuaternionERKN5Eigen6MatrixIdLi3ELi1ELi0ELi3ELi1EEES4_
                0x0800171c      0x152 ./Core/Src/Utils/utilsAlgebra.o
                0x0800171c                Utils::accMagToQuaternion(Eigen::Matrix<double, 3, 1, 0, 3, 1> const&, Eigen::Matrix<double, 3, 1, 0, 3, 1> const&)
 *fill*         0x0800186e        0x2 
 .text._Z16timerCounterInitv
                0x08001870       0x20 ./Core/Src/Utils/utilsTimer.o
                0x08001870                timerCounterInit()
 .text._Z17timerCounterResetv
                0x08001890        0xc ./Core/Src/Utils/utilsTimer.o
                0x08001890                timerCounterReset()
 .text._Z21timerCounterGetCyclesv
                0x0800189c        0xc ./Core/Src/Utils/utilsTimer.o
                0x0800189c                timerCounterGetCycles()
 .text._Z18getEllapsedTime_usm
                0x080018a8       0x24 ./Core/Src/Utils/utilsTimer.o
                0x080018a8                getEllapsedTime_us(unsigned long)
 *fill*         0x080018cc        0x4 
 .text._Z17getEllapsedTime_sm
                0x080018d0       0x20 ./Core/Src/Utils/utilsTimer.o
                0x080018d0                getEllapsedTime_s(unsigned long)
 .text._ZN10LogManager5setupERK20__UART_HandleTypeDef
                0x080018f0        0xa ./Core/Src/logManager.o
                0x080018f0                LogManager::setup(__UART_HandleTypeDef const&)
 *fill*         0x080018fa        0x2 
 .text._ZN10LogManager11getInstanceEv
                0x080018fc       0x28 ./Core/Src/logManager.o
                0x080018fc                LogManager::getInstance()
 *fill*         0x08001924        0x4 
 .text._ZN10LogManager11serialPrintERKN5Eigen10QuaternionIdLi0EEE
                0x08001928       0x74 ./Core/Src/logManager.o
                0x08001928                LogManager::serialPrint(Eigen::Quaternion<double, 0> const&)
 .text._Z18SystemClock_Configv
                0x0800199c      0x104 ./Core/Src/main.o
                0x0800199c                SystemClock_Config()
 .text.startup.main
                0x08001aa0      0x1a4 ./Core/Src/main.o
                0x08001aa0                main
 .text.Error_Handler
                0x08001c44        0x4 ./Core/Src/main.o
                0x08001c44                Error_Handler
 .text._ZN5Eigen8internal22lhs_process_one_packetILi4ELi1ELi1EdddddddNS0_11gebp_traitsIddLb0ELb0ELi0ELi0EEENS0_16BlasLinearMapperIdiLi0ELi1EEENS0_16blas_data_mapperIdiLi0ELi0ELi1EEEE17peeled_kc_onestepEiPKdSA_S3_PdPNS0_10QuadPacketIdEESB_SB_SB_SB_SB_.isra.0
                0x08001c48       0xc2 ./Core/Src/quadcopter.o
 *fill*         0x08001d0a        0x2 
 .text._ZN5Eigen8internal13gemm_pack_lhsIdiNS0_22const_blas_data_mapperIdiLi0EEELi1ELi1EdLi0ELb0ELb0EEclEPdRKS3_iiii.isra.0
                0x08001d0c       0x5c ./Core/Src/quadcopter.o
 .text._ZN5Eigen8internal13gemm_pack_rhsIdiNS0_16blas_data_mapperIdiLi0ELi0ELi1EEELi4ELi0ELb0ELb1EEclEPdRKS3_iiii.isra.0
                0x08001d68      0x128 ./Core/Src/quadcopter.o
 .text._ZN5Eigen8internal11gebp_kernelIddiNS0_16blas_data_mapperIdiLi0ELi0ELi1EEELi1ELi4ELb0ELb0EEclERKS3_PKdS8_iiidiiii.isra.0
                0x08001e90      0x42c ./Core/Src/quadcopter.o
 .text._ZNK5Eigen9DenseBaseINS_13CwiseBinaryOpINS_8internal17scalar_product_opIddEEKNS_9TransposeIKNS_5BlockIKNS_6MatrixIdLi4ELi4ELi0ELi4ELi4EEELi1ELi4ELb0EEEEEKNS6_IS9_Li4ELi1ELb1EEEEEE5reduxINS2_13scalar_sum_opIddEEEEdRKT_.isra.0
                0x080022bc       0x3a ./Core/Src/quadcopter.o
 *fill*         0x080022f6        0x2 
 .text._ZN5Eigen10MatrixBaseINS_6MatrixIdLi4ELi4ELi0ELi4ELi4EEEE11setIdentityEv.isra.0
                0x080022f8       0x28 ./Core/Src/quadcopter.o
 .text._ZN5Eigen8internal14aligned_mallocEj
                0x08002320       0x16 ./Core/Src/quadcopter.o
                0x08002320                Eigen::internal::aligned_malloc(unsigned int)
 *fill*         0x08002336        0x2 
 .text._ZN5Eigen8internal20manage_caching_sizesENS_6ActionEPiS2_S2_
                0x08002338       0x6c ./Core/Src/quadcopter.o
                0x08002338                Eigen::internal::manage_caching_sizes(Eigen::Action, int*, int*, int*)
 .text._ZN15DroneController9mainSetupEv
                0x080023a4       0x26 ./Core/Src/quadcopter.o
                0x080023a4                DroneController::mainSetup()
 *fill*         0x080023ca        0x2 
 .text._ZN5Eigen16CommaInitializerINS_6MatrixIdLi4ELi1ELi0ELi4ELi1EEEEcmERKd
                0x080023cc       0x70 ./Core/Src/quadcopter.o
                0x080023cc                Eigen::CommaInitializer<Eigen::Matrix<double, 4, 1, 0, 4, 1> >::operator,(double const&)
 .text._ZN5Eigen16CommaInitializerINS_6MatrixIdLi4ELi4ELi0ELi4ELi4EEEEcmERKd
                0x0800243c       0x74 ./Core/Src/quadcopter.o
                0x0800243c                Eigen::CommaInitializer<Eigen::Matrix<double, 4, 4, 0, 4, 4> >::operator,(double const&)
 .text._ZN5Eigen16CommaInitializerINS_6MatrixIdLi6ELi4ELi0ELi6ELi4EEEEcmERKd
                0x080024b0       0x74 ./Core/Src/quadcopter.o
                0x080024b0                Eigen::CommaInitializer<Eigen::Matrix<double, 6, 4, 0, 6, 4> >::operator,(double const&)
 .text._ZN4AHRS11computeAHRSERKN5Eigen6MatrixIdLi3ELi1ELi0ELi3ELi1EEES4_S4_RKd.isra.0
                0x08002524       0x48 ./Core/Src/quadcopter.o
 .text._ZN15DroneController8mainLoopEd
                0x0800256c       0x94 ./Core/Src/quadcopter.o
                0x0800256c                DroneController::mainLoop(double)
 .text._ZN7IFilterC2Ev
                0x08002600       0x60 ./Core/Src/quadcopter.o
                0x08002600                IFilter::IFilter()
                0x08002600                IFilter::IFilter()
 .text._ZN5Eigen8internal11plain_arrayIdLi16ELi0ELi16EEC2Ev
                0x08002660       0x20 ./Core/Src/quadcopter.o
                0x08002660                Eigen::internal::plain_array<double, 16, 0, 16>::plain_array()
                0x08002660                Eigen::internal::plain_array<double, 16, 0, 16>::plain_array()
 .text._ZN5Eigen8internal11plain_arrayIdLi36ELi0ELi16EEC2Ev
                0x08002680       0x20 ./Core/Src/quadcopter.o
                0x08002680                Eigen::internal::plain_array<double, 36, 0, 16>::plain_array()
                0x08002680                Eigen::internal::plain_array<double, 36, 0, 16>::plain_array()
 .text._ZN5Eigen8internal11plain_arrayIdLi6ELi0ELi16EEC2Ev
                0x080026a0       0x20 ./Core/Src/quadcopter.o
                0x080026a0                Eigen::internal::plain_array<double, 6, 0, 16>::plain_array()
                0x080026a0                Eigen::internal::plain_array<double, 6, 0, 16>::plain_array()
 .text._ZN5Eigen8internal11plain_arrayIdLi24ELi0ELi16EEC2Ev
                0x080026c0       0x20 ./Core/Src/quadcopter.o
                0x080026c0                Eigen::internal::plain_array<double, 24, 0, 16>::plain_array()
                0x080026c0                Eigen::internal::plain_array<double, 24, 0, 16>::plain_array()
 .text._ZNK5Eigen10MatrixBaseINS_5BlockIKNS_6MatrixIdLi4ELi1ELi0ELi4ELi1EEELi3ELi1ELb0EEEE5crossINS2_IdLi3ELi1ELi0ELi3ELi1EEEEENS6_25cross_product_return_typeIT_E4typeERKNS0_ISA_EE
                0x080026e0       0x5c ./Core/Src/quadcopter.o
                0x080026e0                Eigen::MatrixBase<Eigen::Block<Eigen::Matrix<double, 4, 1, 0, 4, 1> const, 3, 1, false> >::cross_product_return_type<Eigen::Matrix<double, 3, 1, 0, 3, 1> >::type Eigen::MatrixBase<Eigen::Block<Eigen::Matrix<double, 4, 1, 0, 4, 1> const, 3, 1, false> >::cross<Eigen::Matrix<double, 3, 1, 0, 3, 1> >(Eigen::MatrixBase<Eigen::Matrix<double, 3, 1, 0, 3, 1> > const&) const
 .text._ZN5Eigen8internal31generic_dense_assignment_kernelINS0_9evaluatorINS_6MatrixIdLi4ELi4ELi0ELi4ELi4EEEEENS2_INS_14CwiseNullaryOpINS0_18scalar_constant_opIdEES4_EEEENS0_13mul_assign_opIddEELi0EE11assignCoeffEi
                0x0800273c       0x1c ./Core/Src/quadcopter.o
                0x0800273c                Eigen::internal::generic_dense_assignment_kernel<Eigen::internal::evaluator<Eigen::Matrix<double, 4, 4, 0, 4, 4> >, Eigen::internal::evaluator<Eigen::CwiseNullaryOp<Eigen::internal::scalar_constant_op<double>, Eigen::Matrix<double, 4, 4, 0, 4, 4> > >, Eigen::internal::mul_assign_op<double, double>, 0>::assignCoeff(int)
 .text._ZN5Eigen8internal31generic_dense_assignment_kernelINS0_9evaluatorINS_6MatrixIdLi6ELi6ELi0ELi6ELi6EEEEENS2_INS_14CwiseNullaryOpINS0_18scalar_constant_opIdEES4_EEEENS0_13mul_assign_opIddEELi0EE11assignCoeffEi
                0x08002758       0x1c ./Core/Src/quadcopter.o
                0x08002758                Eigen::internal::generic_dense_assignment_kernel<Eigen::internal::evaluator<Eigen::Matrix<double, 6, 6, 0, 6, 6> >, Eigen::internal::evaluator<Eigen::CwiseNullaryOp<Eigen::internal::scalar_constant_op<double>, Eigen::Matrix<double, 6, 6, 0, 6, 6> > >, Eigen::internal::mul_assign_op<double, double>, 0>::assignCoeff(int)
 .text._ZN5Eigen8internal26call_dense_assignment_loopINS_5BlockINS_6MatrixIdLi6ELi1ELi0ELi6ELi1EEELin1ELin1ELb0EEENS3_IdLi3ELi1ELi0ELi3ELi1EEENS0_9assign_opIddEEEEvRT_RKT0_RKT1_
                0x08002774       0x3c ./Core/Src/quadcopter.o
                0x08002774                void Eigen::internal::call_dense_assignment_loop<Eigen::Block<Eigen::Matrix<double, 6, 1, 0, 6, 1>, -1, -1, false>, Eigen::Matrix<double, 3, 1, 0, 3, 1>, Eigen::internal::assign_op<double, double> >(Eigen::Block<Eigen::Matrix<double, 6, 1, 0, 6, 1>, -1, -1, false>&, Eigen::Matrix<double, 3, 1, 0, 3, 1> const&, Eigen::internal::assign_op<double, double> const&)
 .text._ZN5Eigen8internal31generic_dense_assignment_kernelINS0_9evaluatorINS_5BlockINS_6MatrixIdLi4ELi1ELi0ELi4ELi1EEELi4ELi1ELb0EEEEENS2_INS_14CwiseNullaryOpINS0_18scalar_constant_opIdEES5_EEEENS0_13div_assign_opIddEELi0EE11assignCoeffEi
                0x080027b0       0x1c ./Core/Src/quadcopter.o
                0x080027b0                Eigen::internal::generic_dense_assignment_kernel<Eigen::internal::evaluator<Eigen::Block<Eigen::Matrix<double, 4, 1, 0, 4, 1>, 4, 1, false> >, Eigen::internal::evaluator<Eigen::CwiseNullaryOp<Eigen::internal::scalar_constant_op<double>, Eigen::Matrix<double, 4, 1, 0, 4, 1> > >, Eigen::internal::div_assign_op<double, double>, 0>::assignCoeff(int)
 .text._ZN5Eigen10MatrixBaseINS_5BlockINS_6MatrixIdLi4ELi1ELi0ELi4ELi1EEELi4ELi1ELb0EEEE9normalizeEv
                0x080027cc       0x72 ./Core/Src/quadcopter.o
                0x080027cc                Eigen::MatrixBase<Eigen::Block<Eigen::Matrix<double, 4, 1, 0, 4, 1>, 4, 1, false> >::normalize()
 .text._ZN5Eigen8internal31generic_dense_assignment_kernelINS0_9evaluatorINS_6MatrixIdLi6ELi1ELi0ELi6ELi1EEEEENS2_INS_13CwiseBinaryOpINS0_20scalar_difference_opIddEEKS4_S9_EEEENS0_9assign_opIddEELi0EE11assignCoeffEi
                0x0800283e       0x2a ./Core/Src/quadcopter.o
                0x0800283e                Eigen::internal::generic_dense_assignment_kernel<Eigen::internal::evaluator<Eigen::Matrix<double, 6, 1, 0, 6, 1> >, Eigen::internal::evaluator<Eigen::CwiseBinaryOp<Eigen::internal::scalar_difference_op<double, double>, Eigen::Matrix<double, 6, 1, 0, 6, 1> const, Eigen::Matrix<double, 6, 1, 0, 6, 1> const> >, Eigen::internal::assign_op<double, double>, 0>::assignCoeff(int)
 .text._ZN5Eigen10MatrixBaseINS_6MatrixIdLi3ELi1ELi0ELi3ELi1EEEE9normalizeEv
                0x08002868       0x5c ./Core/Src/quadcopter.o
                0x08002868                Eigen::MatrixBase<Eigen::Matrix<double, 3, 1, 0, 3, 1> >::normalize()
 .text._ZN5Eigen8internal31generic_dense_assignment_kernelINS0_9evaluatorINS_6MatrixIdLi4ELi1ELi0ELi4ELi1EEEEES5_NS0_9assign_opIddEELi0EE11assignCoeffEi
                0x080028c4       0x1c ./Core/Src/quadcopter.o
                0x080028c4                Eigen::internal::generic_dense_assignment_kernel<Eigen::internal::evaluator<Eigen::Matrix<double, 4, 1, 0, 4, 1> >, Eigen::internal::evaluator<Eigen::Matrix<double, 4, 1, 0, 4, 1> >, Eigen::internal::assign_op<double, double>, 0>::assignCoeff(int)
 .text._ZN5Eigen8internal26call_dense_assignment_loopINS_6MatrixIdLi4ELi1ELi0ELi4ELi1EEES3_NS0_9assign_opIddEEEEvRT_RKT0_RKT1_
                0x080028e0       0x38 ./Core/Src/quadcopter.o
                0x080028e0                void Eigen::internal::call_dense_assignment_loop<Eigen::Matrix<double, 4, 1, 0, 4, 1>, Eigen::Matrix<double, 4, 1, 0, 4, 1>, Eigen::internal::assign_op<double, double> >(Eigen::Matrix<double, 4, 1, 0, 4, 1>&, Eigen::Matrix<double, 4, 1, 0, 4, 1> const&, Eigen::internal::assign_op<double, double> const&)
 .text._ZN5Eigen8internal31generic_dense_assignment_kernelINS0_9evaluatorINS_6MatrixIdLi6ELi6ELi0ELi6ELi6EEEEENS2_INS_13CwiseBinaryOpINS0_13scalar_sum_opIddEEKNS_7ProductINS9_INS3_IdLi6ELi4ELi0ELi6ELi4EEENS3_IdLi4ELi4ELi0ELi4ELi4EEELi0EEENS_9TransposeISA_EELi0EEEKS4_EEEENS0_9assign_opIddEELi0EE11assignCoeffEii
                0x08002918       0x36 ./Core/Src/quadcopter.o
                0x08002918                Eigen::internal::generic_dense_assignment_kernel<Eigen::internal::evaluator<Eigen::Matrix<double, 6, 6, 0, 6, 6> >, Eigen::internal::evaluator<Eigen::CwiseBinaryOp<Eigen::internal::scalar_sum_op<double, double>, Eigen::Product<Eigen::Product<Eigen::Matrix<double, 6, 4, 0, 6, 4>, Eigen::Matrix<double, 4, 4, 0, 4, 4>, 0>, Eigen::Transpose<Eigen::Matrix<double, 6, 4, 0, 6, 4> >, 0> const, Eigen::Matrix<double, 6, 6, 0, 6, 6> const> >, Eigen::internal::assign_op<double, double>, 0>::assignCoeff(int, int)
 .text._ZN5Eigen8internal21dense_assignment_loopINS0_31generic_dense_assignment_kernelINS0_9evaluatorINS_6MatrixIdLi6ELi6ELi0ELi6ELi6EEEEENS3_INS_13CwiseBinaryOpINS0_13scalar_sum_opIddEEKNS_7ProductINSA_INS4_IdLi6ELi4ELi0ELi6ELi4EEENS4_IdLi4ELi4ELi0ELi4ELi4EEELi0EEENS_9TransposeISB_EELi0EEEKS5_EEEENS0_9assign_opIddEELi0EEELi0ELi1EE3runERSN_
                0x0800294e       0x4a ./Core/Src/quadcopter.o
                0x0800294e                Eigen::internal::dense_assignment_loop<Eigen::internal::generic_dense_assignment_kernel<Eigen::internal::evaluator<Eigen::Matrix<double, 6, 6, 0, 6, 6> >, Eigen::internal::evaluator<Eigen::CwiseBinaryOp<Eigen::internal::scalar_sum_op<double, double>, Eigen::Product<Eigen::Product<Eigen::Matrix<double, 6, 4, 0, 6, 4>, Eigen::Matrix<double, 4, 4, 0, 4, 4>, 0>, Eigen::Transpose<Eigen::Matrix<double, 6, 4, 0, 6, 4> >, 0> const, Eigen::Matrix<double, 6, 6, 0, 6, 6> const> >, Eigen::internal::assign_op<double, double>, 0>, 0, 1>::run(Eigen::internal::generic_dense_assignment_kernel<Eigen::internal::evaluator<Eigen::Matrix<double, 6, 6, 0, 6, 6> >, Eigen::internal::evaluator<Eigen::CwiseBinaryOp<Eigen::internal::scalar_sum_op<double, double>, Eigen::Product<Eigen::Product<Eigen::Matrix<double, 6, 4, 0, 6, 4>, Eigen::Matrix<double, 4, 4, 0, 4, 4>, 0>, Eigen::Transpose<Eigen::Matrix<double, 6, 4, 0, 6, 4> >, 0> const, Eigen::Matrix<double, 6, 6, 0, 6, 6> const> >, Eigen::internal::assign_op<double, double>, 0>&)
 .text._ZN5Eigen8internal31generic_dense_assignment_kernelINS0_9evaluatorINS_6MatrixIdLi4ELi6ELi0ELi4ELi6EEEEES5_NS0_9assign_opIddEELi0EE11assignCoeffEi
                0x08002998       0x1c ./Core/Src/quadcopter.o
                0x08002998                Eigen::internal::generic_dense_assignment_kernel<Eigen::internal::evaluator<Eigen::Matrix<double, 4, 6, 0, 4, 6> >, Eigen::internal::evaluator<Eigen::Matrix<double, 4, 6, 0, 4, 6> >, Eigen::internal::assign_op<double, double>, 0>::assignCoeff(int)
 .text._ZN5Eigen8internal31generic_dense_assignment_kernelINS0_9evaluatorINS_6MatrixIdLi4ELi4ELi0ELi4ELi4EEEEES5_NS0_9assign_opIddEELi0EE11assignCoeffEi
                0x080029b4       0x1c ./Core/Src/quadcopter.o
                0x080029b4                Eigen::internal::generic_dense_assignment_kernel<Eigen::internal::evaluator<Eigen::Matrix<double, 4, 4, 0, 4, 4> >, Eigen::internal::evaluator<Eigen::Matrix<double, 4, 4, 0, 4, 4> >, Eigen::internal::assign_op<double, double>, 0>::assignCoeff(int)
 .text._ZN5Eigen8internal31generic_dense_assignment_kernelINS0_9evaluatorINS_6MatrixIdLi4ELi4ELi0ELi4ELi4EEEEENS2_INS_13CwiseBinaryOpINS0_17scalar_product_opIddEEKNS_14CwiseNullaryOpINS0_18scalar_constant_opIdEEKS4_EESC_EEEENS0_9assign_opIddEELi0EE11assignCoeffEi
                0x080029d0       0x24 ./Core/Src/quadcopter.o
                0x080029d0                Eigen::internal::generic_dense_assignment_kernel<Eigen::internal::evaluator<Eigen::Matrix<double, 4, 4, 0, 4, 4> >, Eigen::internal::evaluator<Eigen::CwiseBinaryOp<Eigen::internal::scalar_product_op<double, double>, Eigen::CwiseNullaryOp<Eigen::internal::scalar_constant_op<double>, Eigen::Matrix<double, 4, 4, 0, 4, 4> const> const, Eigen::Matrix<double, 4, 4, 0, 4, 4> const> >, Eigen::internal::assign_op<double, double>, 0>::assignCoeff(int)
 .text._ZN5Eigen8internal26call_dense_assignment_loopINS_6MatrixIdLi4ELi4ELi0ELi4ELi4EEENS_13CwiseBinaryOpINS0_17scalar_product_opIddEEKNS_14CwiseNullaryOpINS0_18scalar_constant_opIdEEKS3_EESA_EENS0_9assign_opIddEEEEvRT_RKT0_RKT1_
                0x080029f4       0xa4 ./Core/Src/quadcopter.o
                0x080029f4                void Eigen::internal::call_dense_assignment_loop<Eigen::Matrix<double, 4, 4, 0, 4, 4>, Eigen::CwiseBinaryOp<Eigen::internal::scalar_product_op<double, double>, Eigen::CwiseNullaryOp<Eigen::internal::scalar_constant_op<double>, Eigen::Matrix<double, 4, 4, 0, 4, 4> const> const, Eigen::Matrix<double, 4, 4, 0, 4, 4> const>, Eigen::internal::assign_op<double, double> >(Eigen::Matrix<double, 4, 4, 0, 4, 4>&, Eigen::CwiseBinaryOp<Eigen::internal::scalar_product_op<double, double>, Eigen::CwiseNullaryOp<Eigen::internal::scalar_constant_op<double>, Eigen::Matrix<double, 4, 4, 0, 4, 4> const> const, Eigen::Matrix<double, 4, 4, 0, 4, 4> const> const&, Eigen::internal::assign_op<double, double> const&)
 .text._ZN5Eigen8internal31generic_dense_assignment_kernelINS0_9evaluatorINS_6MatrixIdLi4ELi4ELi0ELi4ELi4EEEEENS2_INS_13CwiseBinaryOpINS0_13scalar_sum_opIddEEKNS_14CwiseNullaryOpINS0_18scalar_identity_opIdEES4_EEKNS6_INS0_17scalar_product_opIddEEKS4_KNS9_INS0_18scalar_constant_opIdEESG_EEEEEEEENS0_9assign_opIddEELi0EE11assignCoeffEii
                0x08002a98       0x40 ./Core/Src/quadcopter.o
                0x08002a98                Eigen::internal::generic_dense_assignment_kernel<Eigen::internal::evaluator<Eigen::Matrix<double, 4, 4, 0, 4, 4> >, Eigen::internal::evaluator<Eigen::CwiseBinaryOp<Eigen::internal::scalar_sum_op<double, double>, Eigen::CwiseNullaryOp<Eigen::internal::scalar_identity_op<double>, Eigen::Matrix<double, 4, 4, 0, 4, 4> > const, Eigen::CwiseBinaryOp<Eigen::internal::scalar_product_op<double, double>, Eigen::Matrix<double, 4, 4, 0, 4, 4> const, Eigen::CwiseNullaryOp<Eigen::internal::scalar_constant_op<double>, Eigen::Matrix<double, 4, 4, 0, 4, 4> const> const> const> >, Eigen::internal::assign_op<double, double>, 0>::assignCoeff(int, int)
 .text._ZN5Eigen8internal31generic_dense_assignment_kernelINS0_9evaluatorINS_5BlockINS_6MatrixIdLi4ELi4ELi0ELi4ELi4EEELi4ELi4ELb0EEEEENS2_IS5_EENS0_9assign_opIddEELi0EE11assignCoeffEii
                0x08002ad8       0x20 ./Core/Src/quadcopter.o
                0x08002ad8                Eigen::internal::generic_dense_assignment_kernel<Eigen::internal::evaluator<Eigen::Block<Eigen::Matrix<double, 4, 4, 0, 4, 4>, 4, 4, false> >, Eigen::internal::evaluator<Eigen::Matrix<double, 4, 4, 0, 4, 4> >, Eigen::internal::assign_op<double, double>, 0>::assignCoeff(int, int)
 .text._ZN5Eigen8internal55copy_using_evaluator_DefaultTraversal_CompleteUnrollingINS0_31generic_dense_assignment_kernelINS0_9evaluatorINS_5BlockINS_6MatrixIdLi4ELi4ELi0ELi4ELi4EEELi3ELi3ELb0EEEEENS3_INS_14CwiseNullaryOpINS0_18scalar_identity_opIdEENS5_IdLi3ELi3ELi0ELi3ELi3EEEEEEENS0_9assign_opIddEELi0EEELi0ELi9EE3runERSH_
                0x08002af8       0x38 ./Core/Src/quadcopter.o
                0x08002af8                Eigen::internal::copy_using_evaluator_DefaultTraversal_CompleteUnrolling<Eigen::internal::generic_dense_assignment_kernel<Eigen::internal::evaluator<Eigen::Block<Eigen::Matrix<double, 4, 4, 0, 4, 4>, 3, 3, false> >, Eigen::internal::evaluator<Eigen::CwiseNullaryOp<Eigen::internal::scalar_identity_op<double>, Eigen::Matrix<double, 3, 3, 0, 3, 3> > >, Eigen::internal::assign_op<double, double>, 0>, 0, 9>::run(Eigen::internal::generic_dense_assignment_kernel<Eigen::internal::evaluator<Eigen::Block<Eigen::Matrix<double, 4, 4, 0, 4, 4>, 3, 3, false> >, Eigen::internal::evaluator<Eigen::CwiseNullaryOp<Eigen::internal::scalar_identity_op<double>, Eigen::Matrix<double, 3, 3, 0, 3, 3> > >, Eigen::internal::assign_op<double, double>, 0>&)
 .text._ZN5Eigen8internal31generic_dense_assignment_kernelINS0_9evaluatorINS_6MatrixIdLi6ELi4ELi0ELi6ELi4EEEEENS2_INS_13CwiseBinaryOpINS0_17scalar_product_opIddEEKNS_14CwiseNullaryOpINS0_18scalar_constant_opIdEEKS4_EESC_EEEENS0_9assign_opIddEELi0EE11assignCoeffEi
                0x08002b30       0x24 ./Core/Src/quadcopter.o
                0x08002b30                Eigen::internal::generic_dense_assignment_kernel<Eigen::internal::evaluator<Eigen::Matrix<double, 6, 4, 0, 6, 4> >, Eigen::internal::evaluator<Eigen::CwiseBinaryOp<Eigen::internal::scalar_product_op<double, double>, Eigen::CwiseNullaryOp<Eigen::internal::scalar_constant_op<double>, Eigen::Matrix<double, 6, 4, 0, 6, 4> const> const, Eigen::Matrix<double, 6, 4, 0, 6, 4> const> >, Eigen::internal::assign_op<double, double>, 0>::assignCoeff(int)
 .text._ZN5Eigen8internal31generic_dense_assignment_kernelINS0_9evaluatorINS_5BlockINS_6MatrixIdLi6ELi1ELi0ELi6ELi1EEELi3ELi1ELb0EEEEENS2_INS4_IdLi3ELi1ELi0ELi3ELi1EEEEENS0_9assign_opIddEELi0EE11assignCoeffEi
                0x08002b54       0x1c ./Core/Src/quadcopter.o
                0x08002b54                Eigen::internal::generic_dense_assignment_kernel<Eigen::internal::evaluator<Eigen::Block<Eigen::Matrix<double, 6, 1, 0, 6, 1>, 3, 1, false> >, Eigen::internal::evaluator<Eigen::Matrix<double, 3, 1, 0, 3, 1> >, Eigen::internal::assign_op<double, double>, 0>::assignCoeff(int)
 .text._ZN5Eigen8internal31generic_dense_assignment_kernelINS0_9evaluatorINS_6MatrixIdLi4ELi4ELi0ELi4ELi4EEEEENS2_INS_13CwiseBinaryOpINS0_13scalar_sum_opIddEEKNS_7ProductINS9_IS4_S4_Li0EEENS_9TransposeIS4_EELi0EEEKS4_EEEENS0_9assign_opIddEELi0EE11assignCoeffEii
                0x08002b70       0x34 ./Core/Src/quadcopter.o
                0x08002b70                Eigen::internal::generic_dense_assignment_kernel<Eigen::internal::evaluator<Eigen::Matrix<double, 4, 4, 0, 4, 4> >, Eigen::internal::evaluator<Eigen::CwiseBinaryOp<Eigen::internal::scalar_sum_op<double, double>, Eigen::Product<Eigen::Product<Eigen::Matrix<double, 4, 4, 0, 4, 4>, Eigen::Matrix<double, 4, 4, 0, 4, 4>, 0>, Eigen::Transpose<Eigen::Matrix<double, 4, 4, 0, 4, 4> >, 0> const, Eigen::Matrix<double, 4, 4, 0, 4, 4> const> >, Eigen::internal::assign_op<double, double>, 0>::assignCoeff(int, int)
 .text._ZN5Eigen8internal31generic_dense_assignment_kernelINS0_9evaluatorINS_6MatrixIdLi3ELi1ELi0ELi3ELi1EEEEENS2_INS_13CwiseBinaryOpINS0_13scalar_sum_opIddEEKNS6_IS8_KS4_KNS6_INS0_17scalar_product_opIddEEKNS_14CwiseNullaryOpINS0_18scalar_constant_opIdEES9_EES9_EEEES9_EEEENS0_9assign_opIddEELi0EE11assignCoeffEi
                0x08002ba4       0x3c ./Core/Src/quadcopter.o
                0x08002ba4                Eigen::internal::generic_dense_assignment_kernel<Eigen::internal::evaluator<Eigen::Matrix<double, 3, 1, 0, 3, 1> >, Eigen::internal::evaluator<Eigen::CwiseBinaryOp<Eigen::internal::scalar_sum_op<double, double>, Eigen::CwiseBinaryOp<Eigen::internal::scalar_sum_op<double, double>, Eigen::Matrix<double, 3, 1, 0, 3, 1> const, Eigen::CwiseBinaryOp<Eigen::internal::scalar_product_op<double, double>, Eigen::CwiseNullaryOp<Eigen::internal::scalar_constant_op<double>, Eigen::Matrix<double, 3, 1, 0, 3, 1> const> const, Eigen::Matrix<double, 3, 1, 0, 3, 1> const> const> const, Eigen::Matrix<double, 3, 1, 0, 3, 1> const> >, Eigen::internal::assign_op<double, double>, 0>::assignCoeff(int)
 .text._ZNK5Eigen14QuaternionBaseINS_10QuaternionIdLi0EEEE16_transformVectorERKNS_6MatrixIdLi3ELi1ELi0ELi3ELi1EEE
                0x08002be0       0xb4 ./Core/Src/quadcopter.o
                0x08002be0                Eigen::QuaternionBase<Eigen::Quaternion<double, 0> >::_transformVector(Eigen::Matrix<double, 3, 1, 0, 3, 1> const&) const
 .text._ZN20ExtendedKalmanFilter28computeMeasurementEstimate_hEv
                0x08002c94       0xdc ./Core/Src/quadcopter.o
                0x08002c94                ExtendedKalmanFilter::computeMeasurementEstimate_h()
 .text._ZN5Eigen8internal31generic_dense_assignment_kernelINS0_9evaluatorINS_5BlockINS_6MatrixIdLi4ELi4ELi0ELi4ELi4EEELi4ELi4ELb0EEEEES7_NS0_9assign_opIddEELi0EE11assignCoeffEii
                0x08002d70       0x20 ./Core/Src/quadcopter.o
                0x08002d70                Eigen::internal::generic_dense_assignment_kernel<Eigen::internal::evaluator<Eigen::Block<Eigen::Matrix<double, 4, 4, 0, 4, 4>, 4, 4, false> >, Eigen::internal::evaluator<Eigen::Block<Eigen::Matrix<double, 4, 4, 0, 4, 4>, 4, 4, false> >, Eigen::internal::assign_op<double, double>, 0>::assignCoeff(int, int)
 .text._ZN5Eigen8internal55copy_using_evaluator_DefaultTraversal_CompleteUnrollingINS0_31generic_dense_assignment_kernelINS0_9evaluatorINS_6MatrixIdLi4ELi4ELi0ELi4ELi4EEEEENS3_INS_13CwiseBinaryOpINS0_13scalar_sum_opIddEEKNS_7ProductINSA_IS5_S5_Li0EEENS_9TransposeIS5_EELi0EEEKS5_EEEENS0_9assign_opIddEELi0EEELi6ELi16EE3runERSL_
                0x08002d90       0x68 ./Core/Src/quadcopter.o
                0x08002d90                Eigen::internal::copy_using_evaluator_DefaultTraversal_CompleteUnrolling<Eigen::internal::generic_dense_assignment_kernel<Eigen::internal::evaluator<Eigen::Matrix<double, 4, 4, 0, 4, 4> >, Eigen::internal::evaluator<Eigen::CwiseBinaryOp<Eigen::internal::scalar_sum_op<double, double>, Eigen::Product<Eigen::Product<Eigen::Matrix<double, 4, 4, 0, 4, 4>, Eigen::Matrix<double, 4, 4, 0, 4, 4>, 0>, Eigen::Transpose<Eigen::Matrix<double, 4, 4, 0, 4, 4> >, 0> const, Eigen::Matrix<double, 4, 4, 0, 4, 4> const> >, Eigen::internal::assign_op<double, double>, 0>, 6, 16>::run(Eigen::internal::generic_dense_assignment_kernel<Eigen::internal::evaluator<Eigen::Matrix<double, 4, 4, 0, 4, 4> >, Eigen::internal::evaluator<Eigen::CwiseBinaryOp<Eigen::internal::scalar_sum_op<double, double>, Eigen::Product<Eigen::Product<Eigen::Matrix<double, 4, 4, 0, 4, 4>, Eigen::Matrix<double, 4, 4, 0, 4, 4>, 0>, Eigen::Transpose<Eigen::Matrix<double, 4, 4, 0, 4, 4> >, 0> const, Eigen::Matrix<double, 4, 4, 0, 4, 4> const> >, Eigen::internal::assign_op<double, double>, 0>&)
 .text._ZN5Eigen8internal54copy_using_evaluator_LinearTraversal_CompleteUnrollingINS0_31generic_dense_assignment_kernelINS0_9evaluatorINS_6MatrixIdLi4ELi4ELi0ELi4ELi4EEEEES6_NS0_9assign_opIddEELi0EEELi6ELi16EE3runERS9_
                0x08002df8       0x54 ./Core/Src/quadcopter.o
                0x08002df8                Eigen::internal::copy_using_evaluator_LinearTraversal_CompleteUnrolling<Eigen::internal::generic_dense_assignment_kernel<Eigen::internal::evaluator<Eigen::Matrix<double, 4, 4, 0, 4, 4> >, Eigen::internal::evaluator<Eigen::Matrix<double, 4, 4, 0, 4, 4> >, Eigen::internal::assign_op<double, double>, 0>, 6, 16>::run(Eigen::internal::generic_dense_assignment_kernel<Eigen::internal::evaluator<Eigen::Matrix<double, 4, 4, 0, 4, 4> >, Eigen::internal::evaluator<Eigen::Matrix<double, 4, 4, 0, 4, 4> >, Eigen::internal::assign_op<double, double>, 0>&)
 .text._ZN5Eigen8internal26call_dense_assignment_loopINS_6MatrixIdLi4ELi4ELi0ELi4ELi4EEES3_NS0_9assign_opIddEEEEvRT_RKT0_RKT1_
                0x08002e4c       0x4e ./Core/Src/quadcopter.o
                0x08002e4c                void Eigen::internal::call_dense_assignment_loop<Eigen::Matrix<double, 4, 4, 0, 4, 4>, Eigen::Matrix<double, 4, 4, 0, 4, 4>, Eigen::internal::assign_op<double, double> >(Eigen::Matrix<double, 4, 4, 0, 4, 4>&, Eigen::Matrix<double, 4, 4, 0, 4, 4> const&, Eigen::internal::assign_op<double, double> const&)
 .text._ZN5Eigen8internal55copy_using_evaluator_DefaultTraversal_CompleteUnrollingINS0_31generic_dense_assignment_kernelINS0_9evaluatorINS_6MatrixIdLi4ELi4ELi0ELi4ELi4EEEEENS3_INS_13CwiseBinaryOpINS0_13scalar_sum_opIddEEKNS_14CwiseNullaryOpINS0_18scalar_identity_opIdEES5_EEKNS7_INS0_17scalar_product_opIddEEKS5_KNSA_INS0_18scalar_constant_opIdEESH_EEEEEEEENS0_9assign_opIddEELi0EEELi8ELi16EE3runERSS_
                0x08002e9a       0x54 ./Core/Src/quadcopter.o
                0x08002e9a                Eigen::internal::copy_using_evaluator_DefaultTraversal_CompleteUnrolling<Eigen::internal::generic_dense_assignment_kernel<Eigen::internal::evaluator<Eigen::Matrix<double, 4, 4, 0, 4, 4> >, Eigen::internal::evaluator<Eigen::CwiseBinaryOp<Eigen::internal::scalar_sum_op<double, double>, Eigen::CwiseNullaryOp<Eigen::internal::scalar_identity_op<double>, Eigen::Matrix<double, 4, 4, 0, 4, 4> > const, Eigen::CwiseBinaryOp<Eigen::internal::scalar_product_op<double, double>, Eigen::Matrix<double, 4, 4, 0, 4, 4> const, Eigen::CwiseNullaryOp<Eigen::internal::scalar_constant_op<double>, Eigen::Matrix<double, 4, 4, 0, 4, 4> const> const> const> >, Eigen::internal::assign_op<double, double>, 0>, 8, 16>::run(Eigen::internal::generic_dense_assignment_kernel<Eigen::internal::evaluator<Eigen::Matrix<double, 4, 4, 0, 4, 4> >, Eigen::internal::evaluator<Eigen::CwiseBinaryOp<Eigen::internal::scalar_sum_op<double, double>, Eigen::CwiseNullaryOp<Eigen::internal::scalar_identity_op<double>, Eigen::Matrix<double, 4, 4, 0, 4, 4> > const, Eigen::CwiseBinaryOp<Eigen::internal::scalar_product_op<double, double>, Eigen::Matrix<double, 4, 4, 0, 4, 4> const, Eigen::CwiseNullaryOp<Eigen::internal::scalar_constant_op<double>, Eigen::Matrix<double, 4, 4, 0, 4, 4> const> const> const> >, Eigen::internal::assign_op<double, double>, 0>&)
 .text._ZN5Eigen15PlainObjectBaseINS_6MatrixIdLi4ELi4ELi0ELi4ELi4EEEEC2INS_13CwiseBinaryOpINS_8internal13scalar_sum_opIddEEKNS_14CwiseNullaryOpINS6_18scalar_identity_opIdEES2_EEKNS5_INS6_17scalar_product_opIddEEKS2_KNS9_INS6_18scalar_constant_opIdEESG_EEEEEEEERKNS_9DenseBaseIT_EE
                0x08002eee       0x84 ./Core/Src/quadcopter.o
                0x08002eee                Eigen::PlainObjectBase<Eigen::Matrix<double, 4, 4, 0, 4, 4> >::PlainObjectBase<Eigen::CwiseBinaryOp<Eigen::internal::scalar_sum_op<double, double>, Eigen::CwiseNullaryOp<Eigen::internal::scalar_identity_op<double>, Eigen::Matrix<double, 4, 4, 0, 4, 4> > const, Eigen::CwiseBinaryOp<Eigen::internal::scalar_product_op<double, double>, Eigen::Matrix<double, 4, 4, 0, 4, 4> const, Eigen::CwiseNullaryOp<Eigen::internal::scalar_constant_op<double>, Eigen::Matrix<double, 4, 4, 0, 4, 4> const> const> const> >(Eigen::DenseBase<Eigen::CwiseBinaryOp<Eigen::internal::scalar_sum_op<double, double>, Eigen::CwiseNullaryOp<Eigen::internal::scalar_identity_op<double>, Eigen::Matrix<double, 4, 4, 0, 4, 4> > const, Eigen::CwiseBinaryOp<Eigen::internal::scalar_product_op<double, double>, Eigen::Matrix<double, 4, 4, 0, 4, 4> const, Eigen::CwiseNullaryOp<Eigen::internal::scalar_constant_op<double>, Eigen::Matrix<double, 4, 4, 0, 4, 4> const> const> const> > const&)
                0x08002eee                Eigen::PlainObjectBase<Eigen::Matrix<double, 4, 4, 0, 4, 4> >::PlainObjectBase<Eigen::CwiseBinaryOp<Eigen::internal::scalar_sum_op<double, double>, Eigen::CwiseNullaryOp<Eigen::internal::scalar_identity_op<double>, Eigen::Matrix<double, 4, 4, 0, 4, 4> > const, Eigen::CwiseBinaryOp<Eigen::internal::scalar_product_op<double, double>, Eigen::Matrix<double, 4, 4, 0, 4, 4> const, Eigen::CwiseNullaryOp<Eigen::internal::scalar_constant_op<double>, Eigen::Matrix<double, 4, 4, 0, 4, 4> const> const> const> >(Eigen::DenseBase<Eigen::CwiseBinaryOp<Eigen::internal::scalar_sum_op<double, double>, Eigen::CwiseNullaryOp<Eigen::internal::scalar_identity_op<double>, Eigen::Matrix<double, 4, 4, 0, 4, 4> > const, Eigen::CwiseBinaryOp<Eigen::internal::scalar_product_op<double, double>, Eigen::Matrix<double, 4, 4, 0, 4, 4> const, Eigen::CwiseNullaryOp<Eigen::internal::scalar_constant_op<double>, Eigen::Matrix<double, 4, 4, 0, 4, 4> const> const> const> > const&)
 .text._ZN5Eigen8internal55copy_using_evaluator_DefaultTraversal_CompleteUnrollingINS0_31generic_dense_assignment_kernelINS0_9evaluatorINS_5BlockINS_6MatrixIdLi4ELi4ELi0ELi4ELi4EEELi4ELi4ELb0EEEEENS3_IS6_EENS0_9assign_opIddEELi0EEELi8ELi16EE3runERSC_
                0x08002f72       0x54 ./Core/Src/quadcopter.o
                0x08002f72                Eigen::internal::copy_using_evaluator_DefaultTraversal_CompleteUnrolling<Eigen::internal::generic_dense_assignment_kernel<Eigen::internal::evaluator<Eigen::Block<Eigen::Matrix<double, 4, 4, 0, 4, 4>, 4, 4, false> >, Eigen::internal::evaluator<Eigen::Matrix<double, 4, 4, 0, 4, 4> >, Eigen::internal::assign_op<double, double>, 0>, 8, 16>::run(Eigen::internal::generic_dense_assignment_kernel<Eigen::internal::evaluator<Eigen::Block<Eigen::Matrix<double, 4, 4, 0, 4, 4>, 4, 4, false> >, Eigen::internal::evaluator<Eigen::Matrix<double, 4, 4, 0, 4, 4> >, Eigen::internal::assign_op<double, double>, 0>&)
 .text._ZN5Eigen8internal15call_assignmentINS_5BlockINS_6MatrixIdLi4ELi4ELi0ELi4ELi4EEELi4ELi4ELb0EEES4_EEvRT_RKT0_
                0x08002fc6       0x74 ./Core/Src/quadcopter.o
                0x08002fc6                void Eigen::internal::call_assignment<Eigen::Block<Eigen::Matrix<double, 4, 4, 0, 4, 4>, 4, 4, false>, Eigen::Matrix<double, 4, 4, 0, 4, 4> >(Eigen::Block<Eigen::Matrix<double, 4, 4, 0, 4, 4>, 4, 4, false>&, Eigen::Matrix<double, 4, 4, 0, 4, 4> const&)
 *fill*         0x0800303a        0x2 
 .text._ZN20ExtendedKalmanFilter28computeStateTransitionMatrixERKN5Eigen6MatrixIdLi3ELi1ELi0ELi3ELi1EEERKd
                0x0800303c      0x15c ./Core/Src/quadcopter.o
                0x0800303c                ExtendedKalmanFilter::computeStateTransitionMatrix(Eigen::Matrix<double, 3, 1, 0, 3, 1> const&, double const&)
 .text._ZN5Eigen5BlockIKNS_6MatrixIdLi4ELi4ELi0ELi4ELi4EEELi1ELi4ELb0EEC2ERS3_i
                0x08003198       0x38 ./Core/Src/quadcopter.o
                0x08003198                Eigen::Block<Eigen::Matrix<double, 4, 4, 0, 4, 4> const, 1, 4, false>::Block(Eigen::Matrix<double, 4, 4, 0, 4, 4> const&, int)
                0x08003198                Eigen::Block<Eigen::Matrix<double, 4, 4, 0, 4, 4> const, 1, 4, false>::Block(Eigen::Matrix<double, 4, 4, 0, 4, 4> const&, int)
 .text._ZN5Eigen8internal31generic_dense_assignment_kernelINS0_9evaluatorINS_6MatrixIdLi4ELi1ELi0ELi4ELi1EEEEENS2_INS_7ProductINS3_IdLi4ELi4ELi0ELi4ELi4EEES4_Li1EEEEENS0_9assign_opIddEELi0EE11assignCoeffEi
                0x080031d0       0x68 ./Core/Src/quadcopter.o
                0x080031d0                Eigen::internal::generic_dense_assignment_kernel<Eigen::internal::evaluator<Eigen::Matrix<double, 4, 1, 0, 4, 1> >, Eigen::internal::evaluator<Eigen::Product<Eigen::Matrix<double, 4, 4, 0, 4, 4>, Eigen::Matrix<double, 4, 1, 0, 4, 1>, 1> >, Eigen::internal::assign_op<double, double>, 0>::assignCoeff(int)
 .text._ZN5Eigen8internal15call_assignmentINS_6MatrixIdLi4ELi1ELi0ELi4ELi1EEENS_7ProductINS2_IdLi4ELi4ELi0ELi4ELi4EEES3_Li0EEEEEvRT_RKT0_
                0x08003238       0x64 ./Core/Src/quadcopter.o
                0x08003238                void Eigen::internal::call_assignment<Eigen::Matrix<double, 4, 1, 0, 4, 1>, Eigen::Product<Eigen::Matrix<double, 4, 4, 0, 4, 4>, Eigen::Matrix<double, 4, 1, 0, 4, 1>, 0> >(Eigen::Matrix<double, 4, 1, 0, 4, 1>&, Eigen::Product<Eigen::Matrix<double, 4, 4, 0, 4, 4>, Eigen::Matrix<double, 4, 1, 0, 4, 1>, 0> const&)
 .text._ZN5Eigen8internal54copy_using_evaluator_LinearTraversal_CompleteUnrollingINS0_31generic_dense_assignment_kernelINS0_9evaluatorINS_6MatrixIdLi4ELi6ELi0ELi4ELi6EEEEES6_NS0_9assign_opIddEELi0EEELi10ELi24EE3runERS9_
                0x0800329c       0x74 ./Core/Src/quadcopter.o
                0x0800329c                Eigen::internal::copy_using_evaluator_LinearTraversal_CompleteUnrolling<Eigen::internal::generic_dense_assignment_kernel<Eigen::internal::evaluator<Eigen::Matrix<double, 4, 6, 0, 4, 6> >, Eigen::internal::evaluator<Eigen::Matrix<double, 4, 6, 0, 4, 6> >, Eigen::internal::assign_op<double, double>, 0>, 10, 24>::run(Eigen::internal::generic_dense_assignment_kernel<Eigen::internal::evaluator<Eigen::Matrix<double, 4, 6, 0, 4, 6> >, Eigen::internal::evaluator<Eigen::Matrix<double, 4, 6, 0, 4, 6> >, Eigen::internal::assign_op<double, double>, 0>&)
 .text._ZN5Eigen5BlockIKNS_6MatrixIdLi4ELi6ELi0ELi4ELi6EEELi1ELi6ELb0EEC2ERS3_i
                0x08003310       0x38 ./Core/Src/quadcopter.o
                0x08003310                Eigen::Block<Eigen::Matrix<double, 4, 6, 0, 4, 6> const, 1, 6, false>::Block(Eigen::Matrix<double, 4, 6, 0, 4, 6> const&, int)
                0x08003310                Eigen::Block<Eigen::Matrix<double, 4, 6, 0, 4, 6> const, 1, 6, false>::Block(Eigen::Matrix<double, 4, 6, 0, 4, 6> const&, int)
 .text._ZN5Eigen8internal31generic_dense_assignment_kernelINS0_9evaluatorINS_6MatrixIdLi4ELi6ELi0ELi4ELi6EEEEENS2_INS_7ProductINS6_INS3_IdLi4ELi4ELi0ELi4ELi4EEENS_9TransposeINS3_IdLi6ELi4ELi0ELi6ELi4EEEEELi0EEENS_7InverseINS3_IdLi6ELi6ELi0ELi6ELi6EEEEELi1EEEEENS0_9assign_opIddEELi0EE11assignCoeffEii
                0x08003348       0xb4 ./Core/Src/quadcopter.o
                0x08003348                Eigen::internal::generic_dense_assignment_kernel<Eigen::internal::evaluator<Eigen::Matrix<double, 4, 6, 0, 4, 6> >, Eigen::internal::evaluator<Eigen::Product<Eigen::Product<Eigen::Matrix<double, 4, 4, 0, 4, 4>, Eigen::Transpose<Eigen::Matrix<double, 6, 4, 0, 6, 4> >, 0>, Eigen::Inverse<Eigen::Matrix<double, 6, 6, 0, 6, 6> >, 1> >, Eigen::internal::assign_op<double, double>, 0>::assignCoeff(int, int)
 .text._ZN5Eigen8internal31generic_dense_assignment_kernelINS0_9evaluatorINS_6MatrixIdLi4ELi1ELi0ELi4ELi1EEEEENS2_INS_7ProductINS3_IdLi4ELi6ELi0ELi4ELi6EEENS3_IdLi6ELi1ELi0ELi6ELi1EEELi1EEEEENS0_13add_assign_opIddEELi0EE11assignCoeffEi
                0x080033fc       0x88 ./Core/Src/quadcopter.o
                0x080033fc                Eigen::internal::generic_dense_assignment_kernel<Eigen::internal::evaluator<Eigen::Matrix<double, 4, 1, 0, 4, 1> >, Eigen::internal::evaluator<Eigen::Product<Eigen::Matrix<double, 4, 6, 0, 4, 6>, Eigen::Matrix<double, 6, 1, 0, 6, 1>, 1> >, Eigen::internal::add_assign_op<double, double>, 0>::assignCoeff(int)
 .text._ZN5Eigen8internal15call_assignmentINS_6MatrixIdLi4ELi1ELi0ELi4ELi1EEENS_13CwiseBinaryOpINS0_13scalar_sum_opIddEEKS3_KNS_7ProductINS2_IdLi4ELi6ELi0ELi4ELi6EEENS2_IdLi6ELi1ELi0ELi6ELi1EEELi0EEEEEEEvRT_RKT0_
                0x08003484       0x6e ./Core/Src/quadcopter.o
                0x08003484                void Eigen::internal::call_assignment<Eigen::Matrix<double, 4, 1, 0, 4, 1>, Eigen::CwiseBinaryOp<Eigen::internal::scalar_sum_op<double, double>, Eigen::Matrix<double, 4, 1, 0, 4, 1> const, Eigen::Product<Eigen::Matrix<double, 4, 6, 0, 4, 6>, Eigen::Matrix<double, 6, 1, 0, 6, 1>, 0> const> >(Eigen::Matrix<double, 4, 1, 0, 4, 1>&, Eigen::CwiseBinaryOp<Eigen::internal::scalar_sum_op<double, double>, Eigen::Matrix<double, 4, 1, 0, 4, 1> const, Eigen::Product<Eigen::Matrix<double, 4, 6, 0, 4, 6>, Eigen::Matrix<double, 6, 1, 0, 6, 1>, 0> const> const&)
 *fill*         0x080034f2        0x2 
 .text._ZN5Eigen5BlockIKNS_6MatrixIdLi4ELi4ELi0ELi4ELi4EEELi4ELi1ELb1EEC2ERS3_i
                0x080034f4       0x34 ./Core/Src/quadcopter.o
                0x080034f4                Eigen::Block<Eigen::Matrix<double, 4, 4, 0, 4, 4> const, 4, 1, true>::Block(Eigen::Matrix<double, 4, 4, 0, 4, 4> const&, int)
                0x080034f4                Eigen::Block<Eigen::Matrix<double, 4, 4, 0, 4, 4> const, 4, 1, true>::Block(Eigen::Matrix<double, 4, 4, 0, 4, 4> const&, int)
 .text._ZN5Eigen8internal31generic_dense_assignment_kernelINS0_9evaluatorINS_6MatrixIdLi4ELi4ELi0ELi4ELi4EEEEENS2_INS_7ProductINS_13CwiseBinaryOpINS0_20scalar_difference_opIddEEKS4_KNS6_INS3_IdLi4ELi6ELi0ELi4ELi6EEENS3_IdLi6ELi4ELi0ELi6ELi4EEELi0EEEEES4_Li1EEEEENS0_9assign_opIddEELi0EE11assignCoeffEii
                0x08003528       0x6e ./Core/Src/quadcopter.o
                0x08003528                Eigen::internal::generic_dense_assignment_kernel<Eigen::internal::evaluator<Eigen::Matrix<double, 4, 4, 0, 4, 4> >, Eigen::internal::evaluator<Eigen::Product<Eigen::CwiseBinaryOp<Eigen::internal::scalar_difference_op<double, double>, Eigen::Matrix<double, 4, 4, 0, 4, 4> const, Eigen::Product<Eigen::Matrix<double, 4, 6, 0, 4, 6>, Eigen::Matrix<double, 6, 4, 0, 6, 4>, 0> const>, Eigen::Matrix<double, 4, 4, 0, 4, 4>, 1> >, Eigen::internal::assign_op<double, double>, 0>::assignCoeff(int, int)
 .text._ZN5Eigen8internal55copy_using_evaluator_DefaultTraversal_CompleteUnrollingINS0_31generic_dense_assignment_kernelINS0_9evaluatorINS_5BlockINS_6MatrixIdLi4ELi4ELi0ELi4ELi4EEELi4ELi4ELb0EEEEES8_NS0_9assign_opIddEELi0EEELi8ELi16EE3runERSB_
                0x08003596       0x54 ./Core/Src/quadcopter.o
                0x08003596                Eigen::internal::copy_using_evaluator_DefaultTraversal_CompleteUnrolling<Eigen::internal::generic_dense_assignment_kernel<Eigen::internal::evaluator<Eigen::Block<Eigen::Matrix<double, 4, 4, 0, 4, 4>, 4, 4, false> >, Eigen::internal::evaluator<Eigen::Block<Eigen::Matrix<double, 4, 4, 0, 4, 4>, 4, 4, false> >, Eigen::internal::assign_op<double, double>, 0>, 8, 16>::run(Eigen::internal::generic_dense_assignment_kernel<Eigen::internal::evaluator<Eigen::Block<Eigen::Matrix<double, 4, 4, 0, 4, 4>, 4, 4, false> >, Eigen::internal::evaluator<Eigen::Block<Eigen::Matrix<double, 4, 4, 0, 4, 4>, 4, 4, false> >, Eigen::internal::assign_op<double, double>, 0>&)
 .text._ZN5Eigen8internal26call_dense_assignment_loopINS_5BlockINS_6MatrixIdLi4ELi4ELi0ELi4ELi4EEELi4ELi4ELb0EEES5_NS0_9assign_opIddEEEEvRT_RKT0_RKT1_
                0x080035ea       0x74 ./Core/Src/quadcopter.o
                0x080035ea                void Eigen::internal::call_dense_assignment_loop<Eigen::Block<Eigen::Matrix<double, 4, 4, 0, 4, 4>, 4, 4, false>, Eigen::Block<Eigen::Matrix<double, 4, 4, 0, 4, 4>, 4, 4, false>, Eigen::internal::assign_op<double, double> >(Eigen::Block<Eigen::Matrix<double, 4, 4, 0, 4, 4>, 4, 4, false>&, Eigen::Block<Eigen::Matrix<double, 4, 4, 0, 4, 4>, 4, 4, false> const&, Eigen::internal::assign_op<double, double> const&)
 .text._ZN20ExtendedKalmanFilter35computeJacobianStateTransitionModelEv
                0x0800365e       0x68 ./Core/Src/quadcopter.o
                0x0800365e                ExtendedKalmanFilter::computeJacobianStateTransitionModel()
 *fill*         0x080036c6        0x2 
 .text._ZN5Eigen8internal31generic_dense_assignment_kernelINS0_9evaluatorINS_6MatrixIdLi4ELi4ELi1ELi4ELi4EEEEENS2_INS_7ProductINS6_INS3_IdLi4ELi4ELi0ELi4ELi4EEES7_Li0EEENS_9TransposeIS7_EELi1EEEEENS0_9assign_opIddEELi0EE11assignCoeffEii
                0x080036c8       0x98 ./Core/Src/quadcopter.o
                0x080036c8                Eigen::internal::generic_dense_assignment_kernel<Eigen::internal::evaluator<Eigen::Matrix<double, 4, 4, 1, 4, 4> >, Eigen::internal::evaluator<Eigen::Product<Eigen::Product<Eigen::Matrix<double, 4, 4, 0, 4, 4>, Eigen::Matrix<double, 4, 4, 0, 4, 4>, 0>, Eigen::Transpose<Eigen::Matrix<double, 4, 4, 0, 4, 4> >, 1> >, Eigen::internal::assign_op<double, double>, 0>::assignCoeff(int, int)
 .text._ZN5Eigen8internal54copy_using_evaluator_LinearTraversal_CompleteUnrollingINS0_31generic_dense_assignment_kernelINS0_9evaluatorINS_6MatrixIdLi6ELi4ELi0ELi6ELi4EEEEENS3_INS_13CwiseBinaryOpINS0_17scalar_product_opIddEEKNS_14CwiseNullaryOpINS0_18scalar_constant_opIdEEKS5_EESD_EEEENS0_9assign_opIddEELi0EEELi13ELi24EE3runERSK_
                0x08003760       0x5c ./Core/Src/quadcopter.o
                0x08003760                Eigen::internal::copy_using_evaluator_LinearTraversal_CompleteUnrolling<Eigen::internal::generic_dense_assignment_kernel<Eigen::internal::evaluator<Eigen::Matrix<double, 6, 4, 0, 6, 4> >, Eigen::internal::evaluator<Eigen::CwiseBinaryOp<Eigen::internal::scalar_product_op<double, double>, Eigen::CwiseNullaryOp<Eigen::internal::scalar_constant_op<double>, Eigen::Matrix<double, 6, 4, 0, 6, 4> const> const, Eigen::Matrix<double, 6, 4, 0, 6, 4> const> >, Eigen::internal::assign_op<double, double>, 0>, 13, 24>::run(Eigen::internal::generic_dense_assignment_kernel<Eigen::internal::evaluator<Eigen::Matrix<double, 6, 4, 0, 6, 4> >, Eigen::internal::evaluator<Eigen::CwiseBinaryOp<Eigen::internal::scalar_product_op<double, double>, Eigen::CwiseNullaryOp<Eigen::internal::scalar_constant_op<double>, Eigen::Matrix<double, 6, 4, 0, 6, 4> const> const, Eigen::Matrix<double, 6, 4, 0, 6, 4> const> >, Eigen::internal::assign_op<double, double>, 0>&)
 .text._ZN5Eigen8internal54copy_using_evaluator_LinearTraversal_CompleteUnrollingINS0_31generic_dense_assignment_kernelINS0_9evaluatorINS_6MatrixIdLi6ELi4ELi0ELi6ELi4EEEEENS3_INS_13CwiseBinaryOpINS0_17scalar_product_opIddEEKNS_14CwiseNullaryOpINS0_18scalar_constant_opIdEEKS5_EESD_EEEENS0_9assign_opIddEELi0EEELi1ELi24EE3runERSK_
                0x080037bc       0x6a ./Core/Src/quadcopter.o
                0x080037bc                Eigen::internal::copy_using_evaluator_LinearTraversal_CompleteUnrolling<Eigen::internal::generic_dense_assignment_kernel<Eigen::internal::evaluator<Eigen::Matrix<double, 6, 4, 0, 6, 4> >, Eigen::internal::evaluator<Eigen::CwiseBinaryOp<Eigen::internal::scalar_product_op<double, double>, Eigen::CwiseNullaryOp<Eigen::internal::scalar_constant_op<double>, Eigen::Matrix<double, 6, 4, 0, 6, 4> const> const, Eigen::Matrix<double, 6, 4, 0, 6, 4> const> >, Eigen::internal::assign_op<double, double>, 0>, 1, 24>::run(Eigen::internal::generic_dense_assignment_kernel<Eigen::internal::evaluator<Eigen::Matrix<double, 6, 4, 0, 6, 4> >, Eigen::internal::evaluator<Eigen::CwiseBinaryOp<Eigen::internal::scalar_product_op<double, double>, Eigen::CwiseNullaryOp<Eigen::internal::scalar_constant_op<double>, Eigen::Matrix<double, 6, 4, 0, 6, 4> const> const, Eigen::Matrix<double, 6, 4, 0, 6, 4> const> >, Eigen::internal::assign_op<double, double>, 0>&)
 *fill*         0x08003826        0x2 
 .text._ZN20ExtendedKalmanFilter33computeJacobianMeasurementModel_HERKN5Eigen6MatrixIdLi6ELi1ELi0ELi6ELi1EEE
                0x08003828      0x2dc ./Core/Src/quadcopter.o
                0x08003828                ExtendedKalmanFilter::computeJacobianMeasurementModel_H(Eigen::Matrix<double, 6, 1, 0, 6, 1> const&)
 .text._ZN5Eigen5BlockIKNS_6MatrixIdLi6ELi4ELi0ELi6ELi4EEELi1ELi4ELb0EEC2ERS3_i
                0x08003b04       0x38 ./Core/Src/quadcopter.o
                0x08003b04                Eigen::Block<Eigen::Matrix<double, 6, 4, 0, 6, 4> const, 1, 4, false>::Block(Eigen::Matrix<double, 6, 4, 0, 6, 4> const&, int)
                0x08003b04                Eigen::Block<Eigen::Matrix<double, 6, 4, 0, 6, 4> const, 1, 4, false>::Block(Eigen::Matrix<double, 6, 4, 0, 6, 4> const&, int)
 .text._ZN5Eigen5BlockIKNS_9TransposeINS_6MatrixIdLi6ELi4ELi0ELi6ELi4EEEEELi4ELi1ELb0EEC2ERS5_i
                0x08003b3c       0x3c ./Core/Src/quadcopter.o
                0x08003b3c                Eigen::Block<Eigen::Transpose<Eigen::Matrix<double, 6, 4, 0, 6, 4> > const, 4, 1, false>::Block(Eigen::Transpose<Eigen::Matrix<double, 6, 4, 0, 6, 4> > const&, int)
                0x08003b3c                Eigen::Block<Eigen::Transpose<Eigen::Matrix<double, 6, 4, 0, 6, 4> > const, 4, 1, false>::Block(Eigen::Transpose<Eigen::Matrix<double, 6, 4, 0, 6, 4> > const&, int)
 .text._ZN5Eigen8internal31generic_dense_assignment_kernelINS0_9evaluatorINS_6MatrixIdLi6ELi6ELi1ELi6ELi6EEEEENS2_INS_7ProductINS6_INS3_IdLi6ELi4ELi0ELi6ELi4EEENS3_IdLi4ELi4ELi0ELi4ELi4EEELi0EEENS_9TransposeIS7_EELi1EEEEENS0_9assign_opIddEELi0EE11assignCoeffEii
                0x08003b78       0x82 ./Core/Src/quadcopter.o
                0x08003b78                Eigen::internal::generic_dense_assignment_kernel<Eigen::internal::evaluator<Eigen::Matrix<double, 6, 6, 1, 6, 6> >, Eigen::internal::evaluator<Eigen::Product<Eigen::Product<Eigen::Matrix<double, 6, 4, 0, 6, 4>, Eigen::Matrix<double, 4, 4, 0, 4, 4>, 0>, Eigen::Transpose<Eigen::Matrix<double, 6, 4, 0, 6, 4> >, 1> >, Eigen::internal::assign_op<double, double>, 0>::assignCoeff(int, int)
 .text._ZN5Eigen8internal21dense_assignment_loopINS0_31generic_dense_assignment_kernelINS0_9evaluatorINS_6MatrixIdLi6ELi6ELi1ELi6ELi6EEEEENS3_INS_7ProductINS7_INS4_IdLi6ELi4ELi0ELi6ELi4EEENS4_IdLi4ELi4ELi0ELi4ELi4EEELi0EEENS_9TransposeIS8_EELi1EEEEENS0_9assign_opIddEELi0EEELi0ELi1EE3runERSH_
                0x08003bfa       0x4a ./Core/Src/quadcopter.o
                0x08003bfa                Eigen::internal::dense_assignment_loop<Eigen::internal::generic_dense_assignment_kernel<Eigen::internal::evaluator<Eigen::Matrix<double, 6, 6, 1, 6, 6> >, Eigen::internal::evaluator<Eigen::Product<Eigen::Product<Eigen::Matrix<double, 6, 4, 0, 6, 4>, Eigen::Matrix<double, 4, 4, 0, 4, 4>, 0>, Eigen::Transpose<Eigen::Matrix<double, 6, 4, 0, 6, 4> >, 1> >, Eigen::internal::assign_op<double, double>, 0>, 0, 1>::run(Eigen::internal::generic_dense_assignment_kernel<Eigen::internal::evaluator<Eigen::Matrix<double, 6, 6, 1, 6, 6> >, Eigen::internal::evaluator<Eigen::Product<Eigen::Product<Eigen::Matrix<double, 6, 4, 0, 6, 4>, Eigen::Matrix<double, 4, 4, 0, 4, 4>, 0>, Eigen::Transpose<Eigen::Matrix<double, 6, 4, 0, 6, 4> >, 1> >, Eigen::internal::assign_op<double, double>, 0>&)
 .text._ZN5Eigen8internal31generic_dense_assignment_kernelINS0_9evaluatorINS_6MatrixIdLi4ELi6ELi0ELi4ELi6EEEEENS2_INS_7ProductINS3_IdLi4ELi4ELi0ELi4ELi4EEENS_9TransposeINS3_IdLi6ELi4ELi0ELi6ELi4EEEEELi1EEEEENS0_9assign_opIddEELi0EE11assignCoeffEii
                0x08003c44       0x80 ./Core/Src/quadcopter.o
                0x08003c44                Eigen::internal::generic_dense_assignment_kernel<Eigen::internal::evaluator<Eigen::Matrix<double, 4, 6, 0, 4, 6> >, Eigen::internal::evaluator<Eigen::Product<Eigen::Matrix<double, 4, 4, 0, 4, 4>, Eigen::Transpose<Eigen::Matrix<double, 6, 4, 0, 6, 4> >, 1> >, Eigen::internal::assign_op<double, double>, 0>::assignCoeff(int, int)
 .text._ZN5Eigen6MatrixIdLi4ELi6ELi0ELi4ELi6EEC2INS_7ProductINS0_IdLi4ELi4ELi0ELi4ELi4EEENS_9TransposeINS0_IdLi6ELi4ELi0ELi6ELi4EEEEELi0EEEEERKT_
                0x08003cc4       0x62 ./Core/Src/quadcopter.o
                0x08003cc4                Eigen::Matrix<double, 4, 6, 0, 4, 6>::Matrix<Eigen::Product<Eigen::Matrix<double, 4, 4, 0, 4, 4>, Eigen::Transpose<Eigen::Matrix<double, 6, 4, 0, 6, 4> >, 0> >(Eigen::Product<Eigen::Matrix<double, 4, 4, 0, 4, 4>, Eigen::Transpose<Eigen::Matrix<double, 6, 4, 0, 6, 4> >, 0> const&)
                0x08003cc4                Eigen::Matrix<double, 4, 6, 0, 4, 6>::Matrix<Eigen::Product<Eigen::Matrix<double, 4, 4, 0, 4, 4>, Eigen::Transpose<Eigen::Matrix<double, 6, 4, 0, 6, 4> >, 0> >(Eigen::Product<Eigen::Matrix<double, 4, 4, 0, 4, 4>, Eigen::Transpose<Eigen::Matrix<double, 6, 4, 0, 6, 4> >, 0> const&)
 *fill*         0x08003d26        0x2 
 .text._ZN5Eigen5BlockINS_3RefINS_6MatrixIdLi6ELi6ELi0ELi6ELi6EEELi0ENS_11OuterStrideILin1EEEEELi6ELi1ELb1EEC2ERS6_i
                0x08003d28       0x3c ./Core/Src/quadcopter.o
                0x08003d28                Eigen::Block<Eigen::Ref<Eigen::Matrix<double, 6, 6, 0, 6, 6>, 0, Eigen::OuterStride<-1> >, 6, 1, true>::Block(Eigen::Ref<Eigen::Matrix<double, 6, 6, 0, 6, 6>, 0, Eigen::OuterStride<-1> >&, int)
                0x08003d28                Eigen::Block<Eigen::Ref<Eigen::Matrix<double, 6, 6, 0, 6, 6>, 0, Eigen::OuterStride<-1> >, 6, 1, true>::Block(Eigen::Ref<Eigen::Matrix<double, 6, 6, 0, 6, 6>, 0, Eigen::OuterStride<-1> >&, int)
 .text._ZN5Eigen11VectorBlockINS_5BlockINS_3RefINS_6MatrixIdLi6ELi6ELi0ELi6ELi6EEELi0ENS_11OuterStrideILin1EEEEELi6ELi1ELb1EEELin1EEC2ERS8_ii
                0x08003d64       0x74 ./Core/Src/quadcopter.o
                0x08003d64                Eigen::VectorBlock<Eigen::Block<Eigen::Ref<Eigen::Matrix<double, 6, 6, 0, 6, 6>, 0, Eigen::OuterStride<-1> >, 6, 1, true>, -1>::VectorBlock(Eigen::Block<Eigen::Ref<Eigen::Matrix<double, 6, 6, 0, 6, 6>, 0, Eigen::OuterStride<-1> >, 6, 1, true>&, int, int)
                0x08003d64                Eigen::VectorBlock<Eigen::Block<Eigen::Ref<Eigen::Matrix<double, 6, 6, 0, 6, 6>, 0, Eigen::OuterStride<-1> >, 6, 1, true>, -1>::VectorBlock(Eigen::Block<Eigen::Ref<Eigen::Matrix<double, 6, 6, 0, 6, 6>, 0, Eigen::OuterStride<-1> >, 6, 1, true>&, int, int)
 .text._ZN5Eigen5BlockINS_3RefINS_6MatrixIdLi6ELi6ELi0ELi6ELi6EEELi0ENS_11OuterStrideILin1EEEEELi1ELi6ELb0EEC2ERS6_i
                0x08003dd8       0x38 ./Core/Src/quadcopter.o
                0x08003dd8                Eigen::Block<Eigen::Ref<Eigen::Matrix<double, 6, 6, 0, 6, 6>, 0, Eigen::OuterStride<-1> >, 1, 6, false>::Block(Eigen::Ref<Eigen::Matrix<double, 6, 6, 0, 6, 6>, 0, Eigen::OuterStride<-1> >&, int)
                0x08003dd8                Eigen::Block<Eigen::Ref<Eigen::Matrix<double, 6, 6, 0, 6, 6>, 0, Eigen::OuterStride<-1> >, 1, 6, false>::Block(Eigen::Ref<Eigen::Matrix<double, 6, 6, 0, 6, 6>, 0, Eigen::OuterStride<-1> >&, int)
 .text._ZN5Eigen8internal31generic_dense_assignment_kernelINS0_9evaluatorINS_6MatrixIdLi4ELi4ELi0ELi4ELi4EEEEENS2_INS_7ProductINS3_IdLi4ELi6ELi0ELi4ELi6EEENS3_IdLi6ELi4ELi0ELi6ELi4EEELi1EEEEENS0_13sub_assign_opIddEELi0EE11assignCoeffEii
                0x08003e10       0xc0 ./Core/Src/quadcopter.o
                0x08003e10                Eigen::internal::generic_dense_assignment_kernel<Eigen::internal::evaluator<Eigen::Matrix<double, 4, 4, 0, 4, 4> >, Eigen::internal::evaluator<Eigen::Product<Eigen::Matrix<double, 4, 6, 0, 4, 6>, Eigen::Matrix<double, 6, 4, 0, 6, 4>, 1> >, Eigen::internal::sub_assign_op<double, double>, 0>::assignCoeff(int, int)
 .text._ZN5Eigen8internal15call_assignmentINS_6MatrixIdLi4ELi4ELi0ELi4ELi4EEENS_7ProductINS_13CwiseBinaryOpINS0_20scalar_difference_opIddEEKS3_KNS4_INS2_IdLi4ELi6ELi0ELi4ELi6EEENS2_IdLi6ELi4ELi0ELi6ELi4EEELi0EEEEES3_Li0EEEEEvRT_RKT0_
                0x08003ed0       0xda ./Core/Src/quadcopter.o
                0x08003ed0                void Eigen::internal::call_assignment<Eigen::Matrix<double, 4, 4, 0, 4, 4>, Eigen::Product<Eigen::CwiseBinaryOp<Eigen::internal::scalar_difference_op<double, double>, Eigen::Matrix<double, 4, 4, 0, 4, 4> const, Eigen::Product<Eigen::Matrix<double, 4, 6, 0, 4, 6>, Eigen::Matrix<double, 6, 4, 0, 6, 4>, 0> const>, Eigen::Matrix<double, 4, 4, 0, 4, 4>, 0> >(Eigen::Matrix<double, 4, 4, 0, 4, 4>&, Eigen::Product<Eigen::CwiseBinaryOp<Eigen::internal::scalar_difference_op<double, double>, Eigen::Matrix<double, 4, 4, 0, 4, 4> const, Eigen::Product<Eigen::Matrix<double, 4, 6, 0, 4, 6>, Eigen::Matrix<double, 6, 4, 0, 6, 4>, 0> const>, Eigen::Matrix<double, 4, 4, 0, 4, 4>, 0> const&)
 .text._ZN5Eigen8internal31generic_dense_assignment_kernelINS0_9evaluatorINS_6MatrixIdLi6ELi4ELi0ELi6ELi4EEEEENS2_INS_7ProductIS4_NS3_IdLi4ELi4ELi0ELi4ELi4EEELi1EEEEENS0_9assign_opIddEELi0EE11assignCoeffEii
                0x08003faa       0x84 ./Core/Src/quadcopter.o
                0x08003faa                Eigen::internal::generic_dense_assignment_kernel<Eigen::internal::evaluator<Eigen::Matrix<double, 6, 4, 0, 6, 4> >, Eigen::internal::evaluator<Eigen::Product<Eigen::Matrix<double, 6, 4, 0, 6, 4>, Eigen::Matrix<double, 4, 4, 0, 4, 4>, 1> >, Eigen::internal::assign_op<double, double>, 0>::assignCoeff(int, int)
 .text._ZN5Eigen8internal21dense_assignment_loopINS0_31generic_dense_assignment_kernelINS0_9evaluatorINS_6MatrixIdLi6ELi4ELi0ELi6ELi4EEEEENS3_INS_7ProductIS5_NS4_IdLi4ELi4ELi0ELi4ELi4EEELi1EEEEENS0_9assign_opIddEELi0EEELi0ELi1EE3runERSD_
                0x0800402e       0x4a ./Core/Src/quadcopter.o
                0x0800402e                Eigen::internal::dense_assignment_loop<Eigen::internal::generic_dense_assignment_kernel<Eigen::internal::evaluator<Eigen::Matrix<double, 6, 4, 0, 6, 4> >, Eigen::internal::evaluator<Eigen::Product<Eigen::Matrix<double, 6, 4, 0, 6, 4>, Eigen::Matrix<double, 4, 4, 0, 4, 4>, 1> >, Eigen::internal::assign_op<double, double>, 0>, 0, 1>::run(Eigen::internal::generic_dense_assignment_kernel<Eigen::internal::evaluator<Eigen::Matrix<double, 6, 4, 0, 6, 4> >, Eigen::internal::evaluator<Eigen::Product<Eigen::Matrix<double, 6, 4, 0, 6, 4>, Eigen::Matrix<double, 4, 4, 0, 4, 4>, 1> >, Eigen::internal::assign_op<double, double>, 0>&)
 .text._ZN5Eigen8internal26call_dense_assignment_loopINS_6MatrixIdLi6ELi6ELi0ELi6ELi6EEENS_13CwiseBinaryOpINS0_13scalar_sum_opIddEEKNS_7ProductINS7_INS2_IdLi6ELi4ELi0ELi6ELi4EEENS2_IdLi4ELi4ELi0ELi4ELi4EEELi0EEENS_9TransposeIS8_EELi0EEEKS3_EENS0_9assign_opIddEEEEvRT_RKT0_RKT1_
                0x08004078       0xa2 ./Core/Src/quadcopter.o
                0x08004078                void Eigen::internal::call_dense_assignment_loop<Eigen::Matrix<double, 6, 6, 0, 6, 6>, Eigen::CwiseBinaryOp<Eigen::internal::scalar_sum_op<double, double>, Eigen::Product<Eigen::Product<Eigen::Matrix<double, 6, 4, 0, 6, 4>, Eigen::Matrix<double, 4, 4, 0, 4, 4>, 0>, Eigen::Transpose<Eigen::Matrix<double, 6, 4, 0, 6, 4> >, 0> const, Eigen::Matrix<double, 6, 6, 0, 6, 6> const>, Eigen::internal::assign_op<double, double> >(Eigen::Matrix<double, 6, 6, 0, 6, 6>&, Eigen::CwiseBinaryOp<Eigen::internal::scalar_sum_op<double, double>, Eigen::Product<Eigen::Product<Eigen::Matrix<double, 6, 4, 0, 6, 4>, Eigen::Matrix<double, 4, 4, 0, 4, 4>, 0>, Eigen::Transpose<Eigen::Matrix<double, 6, 4, 0, 6, 4> >, 0> const, Eigen::Matrix<double, 6, 6, 0, 6, 6> const> const&, Eigen::internal::assign_op<double, double> const&)
 .text._ZN5Eigen8internal31generic_dense_assignment_kernelINS0_9evaluatorINS_6MatrixIdLi4ELi4ELi0ELi4ELi4EEEEENS2_INS_7ProductIS4_S4_Li1EEEEENS0_9assign_opIddEELi0EE11assignCoeffEii
                0x0800411a       0x70 ./Core/Src/quadcopter.o
                0x0800411a                Eigen::internal::generic_dense_assignment_kernel<Eigen::internal::evaluator<Eigen::Matrix<double, 4, 4, 0, 4, 4> >, Eigen::internal::evaluator<Eigen::Product<Eigen::Matrix<double, 4, 4, 0, 4, 4>, Eigen::Matrix<double, 4, 4, 0, 4, 4>, 1> >, Eigen::internal::assign_op<double, double>, 0>::assignCoeff(int, int)
 *fill*         0x0800418a        0x2 
 .text._ZN5Eigen8internal17product_evaluatorINS_7ProductINS2_INS_6MatrixIdLi4ELi4ELi0ELi4ELi4EEES4_Li0EEENS_9TransposeIS4_EELi0EEELi3ENS_10DenseShapeES9_ddEC2ERKS8_
                0x0800418c       0xe8 ./Core/Src/quadcopter.o
                0x0800418c                Eigen::internal::product_evaluator<Eigen::Product<Eigen::Product<Eigen::Matrix<double, 4, 4, 0, 4, 4>, Eigen::Matrix<double, 4, 4, 0, 4, 4>, 0>, Eigen::Transpose<Eigen::Matrix<double, 4, 4, 0, 4, 4> >, 0>, 3, Eigen::DenseShape, Eigen::DenseShape, double, double>::product_evaluator(Eigen::Product<Eigen::Product<Eigen::Matrix<double, 4, 4, 0, 4, 4>, Eigen::Matrix<double, 4, 4, 0, 4, 4>, 0>, Eigen::Transpose<Eigen::Matrix<double, 4, 4, 0, 4, 4> >, 0> const&)
                0x0800418c                Eigen::internal::product_evaluator<Eigen::Product<Eigen::Product<Eigen::Matrix<double, 4, 4, 0, 4, 4>, Eigen::Matrix<double, 4, 4, 0, 4, 4>, 0>, Eigen::Transpose<Eigen::Matrix<double, 4, 4, 0, 4, 4> >, 0>, 3, Eigen::DenseShape, Eigen::DenseShape, double, double>::product_evaluator(Eigen::Product<Eigen::Product<Eigen::Matrix<double, 4, 4, 0, 4, 4>, Eigen::Matrix<double, 4, 4, 0, 4, 4>, 0>, Eigen::Transpose<Eigen::Matrix<double, 4, 4, 0, 4, 4> >, 0> const&)
 .text._ZN5Eigen8internal26call_dense_assignment_loopINS_6MatrixIdLi4ELi4ELi0ELi4ELi4EEENS_13CwiseBinaryOpINS0_13scalar_sum_opIddEEKNS_7ProductINS7_IS3_S3_Li0EEENS_9TransposeIS3_EELi0EEEKS3_EENS0_9assign_opIddEEEEvRT_RKT0_RKT1_
                0x08004274       0x72 ./Core/Src/quadcopter.o
                0x08004274                void Eigen::internal::call_dense_assignment_loop<Eigen::Matrix<double, 4, 4, 0, 4, 4>, Eigen::CwiseBinaryOp<Eigen::internal::scalar_sum_op<double, double>, Eigen::Product<Eigen::Product<Eigen::Matrix<double, 4, 4, 0, 4, 4>, Eigen::Matrix<double, 4, 4, 0, 4, 4>, 0>, Eigen::Transpose<Eigen::Matrix<double, 4, 4, 0, 4, 4> >, 0> const, Eigen::Matrix<double, 4, 4, 0, 4, 4> const>, Eigen::internal::assign_op<double, double> >(Eigen::Matrix<double, 4, 4, 0, 4, 4>&, Eigen::CwiseBinaryOp<Eigen::internal::scalar_sum_op<double, double>, Eigen::Product<Eigen::Product<Eigen::Matrix<double, 4, 4, 0, 4, 4>, Eigen::Matrix<double, 4, 4, 0, 4, 4>, 0>, Eigen::Transpose<Eigen::Matrix<double, 4, 4, 0, 4, 4> >, 0> const, Eigen::Matrix<double, 4, 4, 0, 4, 4> const> const&, Eigen::internal::assign_op<double, double> const&)
 .text._ZN20ExtendedKalmanFilter7predictERKN5Eigen6MatrixIdLi3ELi1ELi0ELi3ELi1EEERKd
                0x080042e6       0x70 ./Core/Src/quadcopter.o
                0x080042e6                ExtendedKalmanFilter::predict(Eigen::Matrix<double, 3, 1, 0, 3, 1> const&, double const&)
 .text._ZN5Eigen8internal28aligned_stack_memory_handlerIdED2Ev
                0x08004356       0x18 ./Core/Src/quadcopter.o
                0x08004356                Eigen::internal::aligned_stack_memory_handler<double>::~aligned_stack_memory_handler()
                0x08004356                Eigen::internal::aligned_stack_memory_handler<double>::~aligned_stack_memory_handler()
 *fill*         0x0800436e        0x2 
 .text._ZN5Eigen8internal23triangular_solve_matrixIdiLi1ELi5ELb0ELi0ELi0ELi1EE3runEiiPKdiPdiiRNS0_15level3_blockingIddEE
                0x08004370      0x3d0 ./Core/Src/quadcopter.o
                0x08004370                Eigen::internal::triangular_solve_matrix<double, int, 1, 5, false, 0, 0, 1>::run(int, int, double const*, int, double*, int, int, Eigen::internal::level3_blocking<double, double>&)
 .text._ZN5Eigen8internal54copy_using_evaluator_LinearTraversal_CompleteUnrollingINS0_31generic_dense_assignment_kernelINS0_9evaluatorINS_6MatrixIdLi6ELi6ELi0ELi6ELi6EEEEENS3_INS_14CwiseNullaryOpINS0_18scalar_constant_opIdEES5_EEEENS0_13mul_assign_opIddEELi0EEELi26ELi36EE3runERSE_
                0x08004740       0x54 ./Core/Src/quadcopter.o
                0x08004740                Eigen::internal::copy_using_evaluator_LinearTraversal_CompleteUnrolling<Eigen::internal::generic_dense_assignment_kernel<Eigen::internal::evaluator<Eigen::Matrix<double, 6, 6, 0, 6, 6> >, Eigen::internal::evaluator<Eigen::CwiseNullaryOp<Eigen::internal::scalar_constant_op<double>, Eigen::Matrix<double, 6, 6, 0, 6, 6> > >, Eigen::internal::mul_assign_op<double, double>, 0>, 26, 36>::run(Eigen::internal::generic_dense_assignment_kernel<Eigen::internal::evaluator<Eigen::Matrix<double, 6, 6, 0, 6, 6> >, Eigen::internal::evaluator<Eigen::CwiseNullaryOp<Eigen::internal::scalar_constant_op<double>, Eigen::Matrix<double, 6, 6, 0, 6, 6> > >, Eigen::internal::mul_assign_op<double, double>, 0>&)
 .text._ZN5Eigen8internal54copy_using_evaluator_LinearTraversal_CompleteUnrollingINS0_31generic_dense_assignment_kernelINS0_9evaluatorINS_6MatrixIdLi6ELi6ELi0ELi6ELi6EEEEENS3_INS_14CwiseNullaryOpINS0_18scalar_constant_opIdEES5_EEEENS0_13mul_assign_opIddEELi0EEELi12ELi36EE3runERSE_
                0x08004794       0x7a ./Core/Src/quadcopter.o
                0x08004794                Eigen::internal::copy_using_evaluator_LinearTraversal_CompleteUnrolling<Eigen::internal::generic_dense_assignment_kernel<Eigen::internal::evaluator<Eigen::Matrix<double, 6, 6, 0, 6, 6> >, Eigen::internal::evaluator<Eigen::CwiseNullaryOp<Eigen::internal::scalar_constant_op<double>, Eigen::Matrix<double, 6, 6, 0, 6, 6> > >, Eigen::internal::mul_assign_op<double, double>, 0>, 12, 36>::run(Eigen::internal::generic_dense_assignment_kernel<Eigen::internal::evaluator<Eigen::Matrix<double, 6, 6, 0, 6, 6> >, Eigen::internal::evaluator<Eigen::CwiseNullaryOp<Eigen::internal::scalar_constant_op<double>, Eigen::Matrix<double, 6, 6, 0, 6, 6> > >, Eigen::internal::mul_assign_op<double, double>, 0>&)
 .text._ZN5Eigen8internal54copy_using_evaluator_LinearTraversal_CompleteUnrollingINS0_31generic_dense_assignment_kernelINS0_9evaluatorINS_6MatrixIdLi6ELi6ELi0ELi6ELi6EEEEENS3_INS_14CwiseNullaryOpINS0_18scalar_constant_opIdEES5_EEEENS0_13mul_assign_opIddEELi0EEELi3ELi36EE3runERSE_
                0x0800480e       0x52 ./Core/Src/quadcopter.o
                0x0800480e                Eigen::internal::copy_using_evaluator_LinearTraversal_CompleteUnrolling<Eigen::internal::generic_dense_assignment_kernel<Eigen::internal::evaluator<Eigen::Matrix<double, 6, 6, 0, 6, 6> >, Eigen::internal::evaluator<Eigen::CwiseNullaryOp<Eigen::internal::scalar_constant_op<double>, Eigen::Matrix<double, 6, 6, 0, 6, 6> > >, Eigen::internal::mul_assign_op<double, double>, 0>, 3, 36>::run(Eigen::internal::generic_dense_assignment_kernel<Eigen::internal::evaluator<Eigen::Matrix<double, 6, 6, 0, 6, 6> >, Eigen::internal::evaluator<Eigen::CwiseNullaryOp<Eigen::internal::scalar_constant_op<double>, Eigen::Matrix<double, 6, 6, 0, 6, 6> > >, Eigen::internal::mul_assign_op<double, double>, 0>&)
 .text._ZN20ExtendedKalmanFilterC2Ev
                0x08004860      0x1cc ./Core/Src/quadcopter.o
                0x08004860                ExtendedKalmanFilter::ExtendedKalmanFilter()
                0x08004860                ExtendedKalmanFilter::ExtendedKalmanFilter()
 *fill*         0x08004a2c        0x4 
 .text._ZN15DroneControllerC2E19__SPI_HandleTypeDeftP12GPIO_TypeDef20__UART_HandleTypeDef
                0x08004a30      0x118 ./Core/Src/quadcopter.o
                0x08004a30                DroneController::DroneController(__SPI_HandleTypeDef, unsigned short, GPIO_TypeDef*, __UART_HandleTypeDef)
                0x08004a30                DroneController::DroneController(__SPI_HandleTypeDef, unsigned short, GPIO_TypeDef*, __UART_HandleTypeDef)
 .text._ZN5Eigen8internal31generic_dense_assignment_kernelINS0_9evaluatorINS_6MatrixIdLi6ELi6ELi0ELi6ELi6EEEEES5_NS0_9assign_opIddEELi0EE11assignCoeffEi
                0x08004b48       0x1c ./Core/Src/quadcopter.o