../Core/Src/PID/pid.cpp:13:8:static double PID::getError(const double&, const double&)	0	static
../Core/Src/PID/pid.cpp:60:8:double PID::computePID(const double&, const double&, const bool&)	0	static
../Core/Inc/Utils/Eigen/src/Core/Dot.h:96:108:typename Eigen::NumTraits<typename Eigen::internal::traits<T>::Scalar>::Real Eigen::MatrixBase<Derived>::squaredNorm() const [with Derived = Eigen::Matrix<double, 4, 1>]	0	static
../Core/Inc/Utils/Eigen/src/Core/DenseStorage.h:107:3:Eigen::internal::plain_array<T, Size, MatrixOrArrayOptions, 16>::plain_array() [with T = double; int Size = 4; int MatrixOrArrayOptions = 0]	8	static
../Core/Inc/Utils/Eigen/src/Core/AssignEvaluator.h:658:46:void Eigen::internal::generic_dense_assignment_kernel<DstEvaluatorTypeT, SrcEvaluatorTypeT, Functor, Version>::assignCoeff(Eigen::Index) [with DstEvaluatorTypeT = Eigen::internal::evaluator<Eigen::Matrix<double, 4, 1> >; SrcEvaluatorTypeT = Eigen::internal::evaluator<Eigen::CwiseNullaryOp<Eigen::internal::scalar_constant_op<double>, Eigen::Matrix<double, 4, 1> > >; Functor = Eigen::internal::div_assign_op<double, double>; int Version = 0]	0	static
../Core/Inc/Utils/Eigen/src/Core/AssignEvaluator.h:658:46:void Eigen::internal::generic_dense_assignment_kernel<DstEvaluatorTypeT, SrcEvaluatorTypeT, Functor, Version>::assignCoeff(Eigen::Index) [with DstEvaluatorTypeT = Eigen::internal::evaluator<Eigen::Matrix<double, 4, 1> >; SrcEvaluatorTypeT = Eigen::internal::evaluator<Eigen::CwiseBinaryOp<Eigen::internal::scalar_quotient_op<double, double>, const Eigen::Matrix<double, 4, 1>, const Eigen::CwiseNullaryOp<Eigen::internal::scalar_constant_op<double>, const Eigen::Matrix<double, 4, 1> > > >; Functor = Eigen::internal::assign_op<double, double>; int Version = 0]	8	static
../Core/Inc/Utils/Eigen/src/Geometry/Quaternion.h:720:81:Eigen::Quaternion<typename Eigen::internal::traits<T>::Scalar> Eigen::QuaternionBase<Derived>::inverse() const [with Derived = Eigen::Quaternion<double>]	136	static
../Core/Src/PID/pid.cpp:19:20:static Eigen::Quaterniond PID::getError(const Eigen::Quaterniond&, const Eigen::Quaterniond&)	168	static
